/home/aljiro/dev/dnnls_architecture/poc/train.py:68: UserWarning: enable_nested_tensor is True, but self.use_nested_tensor is False because encoder_layer.norm_first was True
  self.encoder = nn.TransformerEncoder(enc, layers)
train stories 3552  test stories 626  device cuda
[baseline copy-last] img_R@1=0.023  img_R@10=0.317  img_medrank=65  img_story_R@1=0.244  img_story_chance=0.210  txt_R@1=0.031  txt_R@10=0.542  txt_medrank=8  txt_story_R@1=0.272  txt_story_chance=0.210  n_windows=2974
predictor params: 2,040,961   train windows: 17018
epoch   1  loss 10.786  tau 0.135  5s
[test e1] img_R@1=0.005  img_R@10=0.053  img_medrank=231  img_story_R@1=0.235  img_story_chance=0.210  txt_R@1=0.015  txt_R@10=0.114  txt_medrank=149  txt_story_R@1=0.245  txt_story_chance=0.210  n_windows=2974
epoch   5  loss 7.901  tau 0.125  23s
[test e5] img_R@1=0.055  img_R@10=0.324  img_medrank=28  img_story_R@1=0.260  img_story_chance=0.210  txt_R@1=0.087  txt_R@10=0.534  txt_medrank=9  txt_story_R@1=0.285  txt_story_chance=0.210  n_windows=2974
epoch  10  loss 7.163  tau 0.113  44s
[test e10] img_R@1=0.070  img_R@10=0.393  img_medrank=19  img_story_R@1=0.265  img_story_chance=0.210  txt_R@1=0.087  txt_R@10=0.586  txt_medrank=7  txt_story_R@1=0.300  txt_story_chance=0.210  n_windows=2974
epoch  15  loss 6.695  tau 0.106  64s
[test e15] img_R@1=0.069  img_R@10=0.406  img_medrank=18  img_story_R@1=0.267  img_story_chance=0.210  txt_R@1=0.090  txt_R@10=0.595  txt_medrank=7  txt_story_R@1=0.307  txt_story_chance=0.210  n_windows=2974
epoch  20  loss 6.360  tau 0.102  81s
[test e20] img_R@1=0.067  img_R@10=0.403  img_medrank=19  img_story_R@1=0.273  img_story_chance=0.210  txt_R@1=0.088  txt_R@10=0.585  txt_medrank=7  txt_story_R@1=0.304  txt_story_chance=0.210  n_windows=2974
epoch  25  loss 6.176  tau 0.100  98s
[test e25] img_R@1=0.066  img_R@10=0.400  img_medrank=19  img_story_R@1=0.270  img_story_chance=0.210  txt_R@1=0.087  txt_R@10=0.582  txt_medrank=7  txt_story_R@1=0.308  txt_story_chance=0.210  n_windows=2974
epoch  30  loss 6.124  tau 0.100  118s
[test e30] img_R@1=0.068  img_R@10=0.403  img_medrank=19  img_story_R@1=0.270  img_story_chance=0.210  txt_R@1=0.087  txt_R@10=0.580  txt_medrank=7  txt_story_R@1=0.308  txt_story_chance=0.210  n_windows=2974
pixel decoder: 31226 training frames
  decoder epoch 1: L1 0.1474
  decoder epoch 2: L1 0.1248
  decoder epoch 3: L1 0.1231
  decoder epoch 4: L1 0.1218
  decoder epoch 5: L1 0.1199
  decoder epoch 6: L1 0.1185
  decoder epoch 7: L1 0.1173
  decoder epoch 8: L1 0.1158
figure: /home/aljiro/dev/dnnls_architecture/poc/out/predictions_both.png
