stage A  windows: train 13625  val 3393  test 2974  device cuda  text encoder minilm
loaded pretrained autoencoder from /home/aljiro/dev/dnnls_architecture/v2/out/visual_ae.pt
loaded pretrained language model into the text decoder from /home/aljiro/dev/dnnls_architecture/v2/out/text_lm.pt
trainable params: 23,342,558  (image enc/dec at 0.1x, text LM layers at 0.3x)
epoch  1/15 (28s)  train pixel 0.1348  latent 0.6564  text 3.8609  emb 0.9500
[val e1] img_L1=0.1286  recon_L1=0.0801  img_L1_near_copy=0.0745  floor_median=0.1519  floor_copy=0.1665  pred_spread=0.1099  latent_cos=0.0329  alpha_on_best_input=0.2610  alpha_argmax_acc_near=0.2896  gate_near_copy=0.9055  gate_cut=0.8963  latent_R@10=0.0766  text_R@10=0.0221  text_CE=2.67  text_CE_shuffled=2.67
epoch  2/15 (60s)  train pixel 0.1290  latent 0.6083  text 3.5088  emb 0.7192
[val e2] img_L1=0.1288  recon_L1=0.0858  img_L1_near_copy=0.0756  floor_median=0.1519  floor_copy=0.1665  pred_spread=0.1145  latent_cos=0.0236  alpha_on_best_input=0.2658  alpha_argmax_acc_near=0.3279  gate_near_copy=0.9123  gate_cut=0.8991  latent_R@10=0.0563  text_R@10=0.1618  text_CE=2.62  text_CE_shuffled=2.64
epoch  3/15 (92s)  train pixel 0.1286  latent 0.6010  text 3.4016  emb 0.6365
[val e3] img_L1=0.1285  recon_L1=0.0887  img_L1_near_copy=0.0744  floor_median=0.1519  floor_copy=0.1665  pred_spread=0.1074  latent_cos=0.0199  alpha_on_best_input=0.2672  alpha_argmax_acc_near=0.3843  gate_near_copy=0.9107  gate_cut=0.8785  latent_R@10=0.0551  text_R@10=0.2906  text_CE=2.61  text_CE_shuffled=2.63
epoch  4/15 (124s)  train pixel 0.1280  latent 0.5950  text 3.3427  emb 0.5991
[val e4] img_L1=0.1282  recon_L1=0.0898  img_L1_near_copy=0.0755  floor_median=0.1519  floor_copy=0.1665  pred_spread=0.1061  latent_cos=0.0200  alpha_on_best_input=0.2721  alpha_argmax_acc_near=0.3752  gate_near_copy=0.8990  gate_cut=0.8633  latent_R@10=0.0554  text_R@10=0.3540  text_CE=2.61  text_CE_shuffled=2.63
epoch  5/15 (156s)  train pixel 0.1274  latent 0.5890  text 3.3078  emb 0.5751
[val e5] img_L1=0.1282  recon_L1=0.0893  img_L1_near_copy=0.0754  floor_median=0.1519  floor_copy=0.1665  pred_spread=0.1090  latent_cos=0.0167  alpha_on_best_input=0.2673  alpha_argmax_acc_near=0.3734  gate_near_copy=0.9119  gate_cut=0.8804  latent_R@10=0.0557  text_R@10=0.3911  text_CE=2.60  text_CE_shuffled=2.63
epoch  6/15 (188s)  train pixel 0.1267  latent 0.5823  text 3.2772  emb 0.5565
[val e6] img_L1=0.1285  recon_L1=0.0878  img_L1_near_copy=0.0748  floor_median=0.1519  floor_copy=0.1665  pred_spread=0.1103  latent_cos=0.0301  alpha_on_best_input=0.2769  alpha_argmax_acc_near=0.3770  gate_near_copy=0.8959  gate_cut=0.8397  latent_R@10=0.0604  text_R@10=0.4394  text_CE=2.60  text_CE_shuffled=2.64
epoch  7/15 (220s)  train pixel 0.1259  latent 0.5749  text 3.2526  emb 0.5421
[val e7] img_L1=0.1284  recon_L1=0.0876  img_L1_near_copy=0.0748  floor_median=0.1519  floor_copy=0.1665  pred_spread=0.1093  latent_cos=0.0217  alpha_on_best_input=0.2783  alpha_argmax_acc_near=0.3971  gate_near_copy=0.8809  gate_cut=0.8301  latent_R@10=0.0604  text_R@10=0.4568  text_CE=2.60  text_CE_shuffled=2.64
epoch  8/15 (252s)  train pixel 0.1251  latent 0.5664  text 3.2360  emb 0.5296
[val e8] img_L1=0.1289  recon_L1=0.0844  img_L1_near_copy=0.0752  floor_median=0.1519  floor_copy=0.1665  pred_spread=0.1155  latent_cos=0.0100  alpha_on_best_input=0.2680  alpha_argmax_acc_near=0.3169  gate_near_copy=0.8658  gate_cut=0.8124  latent_R@10=0.0642  text_R@10=0.4721  text_CE=2.59  text_CE_shuffled=2.64
epoch  9/15 (284s)  train pixel 0.1240  latent 0.5572  text 3.2210  emb 0.5187
[val e9] img_L1=0.1291  recon_L1=0.0834  img_L1_near_copy=0.0747  floor_median=0.1519  floor_copy=0.1665  pred_spread=0.1158  latent_cos=0.0117  alpha_on_best_input=0.2769  alpha_argmax_acc_near=0.3643  gate_near_copy=0.8586  gate_cut=0.7931  latent_R@10=0.0660  text_R@10=0.4663  text_CE=2.59  text_CE_shuffled=2.64
epoch 10/15 (316s)  train pixel 0.1230  latent 0.5492  text 3.2081  emb 0.5105
[val e10] img_L1=0.1297  recon_L1=0.0834  img_L1_near_copy=0.0752  floor_median=0.1519  floor_copy=0.1665  pred_spread=0.1134  latent_cos=0.0118  alpha_on_best_input=0.2776  alpha_argmax_acc_near=0.3479  gate_near_copy=0.8560  gate_cut=0.7741  latent_R@10=0.0701  text_R@10=0.4801  text_CE=2.59  text_CE_shuffled=2.64
epoch 11/15 (348s)  train pixel 0.1220  latent 0.5393  text 3.2025  emb 0.5029
[val e11] img_L1=0.1301  recon_L1=0.0820  img_L1_near_copy=0.0752  floor_median=0.1519  floor_copy=0.1665  pred_spread=0.1174  latent_cos=0.0104  alpha_on_best_input=0.2806  alpha_argmax_acc_near=0.3552  gate_near_copy=0.8575  gate_cut=0.7822  latent_R@10=0.0701  text_R@10=0.4816  text_CE=2.59  text_CE_shuffled=2.64
epoch 12/15 (380s)  train pixel 0.1211  latent 0.5327  text 3.1910  emb 0.4970
[val e12] img_L1=0.1302  recon_L1=0.0814  img_L1_near_copy=0.0748  floor_median=0.1519  floor_copy=0.1665  pred_spread=0.1184  latent_cos=0.0116  alpha_on_best_input=0.2848  alpha_argmax_acc_near=0.3679  gate_near_copy=0.8564  gate_cut=0.7755  latent_R@10=0.0710  text_R@10=0.4872  text_CE=2.59  text_CE_shuffled=2.65
epoch 13/15 (412s)  train pixel 0.1204  latent 0.5268  text 3.1872  emb 0.4932
[val e13] img_L1=0.1309  recon_L1=0.0807  img_L1_near_copy=0.0751  floor_median=0.1519  floor_copy=0.1665  pred_spread=0.1204  latent_cos=0.0105  alpha_on_best_input=0.2835  alpha_argmax_acc_near=0.3570  gate_near_copy=0.8439  gate_cut=0.7584  latent_R@10=0.0681  text_R@10=0.4895  text_CE=2.59  text_CE_shuffled=2.65
epoch 14/15 (444s)  train pixel 0.1199  latent 0.5242  text 3.1863  emb 0.4900
[val e14] img_L1=0.1310  recon_L1=0.0806  img_L1_near_copy=0.0750  floor_median=0.1519  floor_copy=0.1665  pred_spread=0.1206  latent_cos=0.0143  alpha_on_best_input=0.2861  alpha_argmax_acc_near=0.3734  gate_near_copy=0.8519  gate_cut=0.7656  latent_R@10=0.0728  text_R@10=0.4913  text_CE=2.59  text_CE_shuffled=2.65
epoch 15/15 (476s)  train pixel 0.1197  latent 0.5221  text 3.1822  emb 0.4885
[val e15] img_L1=0.1310  recon_L1=0.0806  img_L1_near_copy=0.0750  floor_median=0.1519  floor_copy=0.1665  pred_spread=0.1211  latent_cos=0.0126  alpha_on_best_input=0.2853  alpha_argmax_acc_near=0.3661  gate_near_copy=0.8502  gate_cut=0.7640  latent_R@10=0.0722  text_R@10=0.4916  text_CE=2.59  text_CE_shuffled=2.65
[TEST last epoch] img_L1=0.1325  recon_L1=0.0804  img_L1_near_copy=0.0764  floor_median=0.1514  floor_copy=0.1697  pred_spread=0.1191  latent_cos=0.0320  alpha_on_best_input=0.2842  alpha_argmax_acc_near=0.3455  gate_near_copy=0.8502  gate_cut=0.7659  latent_R@10=0.0693  text_R@10=0.5212  text_CE=2.75  text_CE_shuffled=2.81
[TEST best val retrieval (epoch 14)] img_L1=0.1324  recon_L1=0.0805  img_L1_near_copy=0.0762  floor_median=0.1514  floor_copy=0.1697  pred_spread=0.1187  latent_cos=0.0348  alpha_on_best_input=0.2853  alpha_argmax_acc_near=0.3501  gate_near_copy=0.8521  gate_cut=0.7676  latent_R@10=0.0679  text_R@10=0.5195  text_CE=2.75  text_CE_shuffled=2.81
figure: /home/aljiro/dev/dnnls_architecture/v2/out/predictions_stageA_minilm_s123.png
TEST summary: {'img_L1': 0.1324, 'recon_L1': 0.0805, 'img_L1_near_copy': 0.0762, 'floor_median': 0.1514, 'floor_copy': 0.1697, 'pred_spread': 0.1187, 'latent_cos': 0.0348, 'alpha_on_best_input': 0.2853, 'alpha_argmax_acc_near': 0.3501, 'gate_near_copy': 0.8521, 'gate_cut': 0.7676, 'latent_R@10': 0.0679, 'text_R@10': 0.5195, 'text_CE': 2.7501, 'text_CE_shuffled': 2.807}
