Warning: You are sending unauthenticated requests to the HF Hub. Please set a HF_TOKEN to enable higher rate limits and faster downloads.
stage C  windows: train 13625  val 3393  test 2974  device cuda  text encoder minilm
loaded pretrained autoencoder from /home/aljiro/dev/dnnls_architecture/v2/out/visual_ae.pt
trainable params: 24,627,302
epoch  1/30 (41s)  train pixel 0.1307  latent 0.6471  text 7.6105  emb 0.9940  chars 0.5541  setting 0.8962
[val e1] img_L1=0.1288  img_L1_near_copy=0.0772  floor_median=0.1519  floor_copy=0.1665  pred_spread=0.1019  latent_cos=0.0573  alpha_on_best_input=0.2655  alpha_argmax_acc_near=0.2860  gate_near_copy=0.9205  gate_cut=0.9152  latent_R@10=0.0327  text_R@10=0.0083  text_CE=5.90  text_CE_shuffled=5.90  char_F1=0.0027  char_F1_same_as_frame4=0.3820  char_F1_all_seen=0.4059
epoch  2/30 (87s)  train pixel 0.1293  latent 0.6138  text 5.7959  emb 0.7937  chars 0.5135  setting 0.5157
[val e2] img_L1=0.1309  img_L1_near_copy=0.0771  floor_median=0.1519  floor_copy=0.1665  pred_spread=0.1292  latent_cos=0.0119  alpha_on_best_input=0.2664  alpha_argmax_acc_near=0.2969  gate_near_copy=0.9372  gate_cut=0.9405  latent_R@10=0.0342  text_R@10=0.0822  text_CE=5.50  text_CE_shuffled=5.52  char_F1=0.1097  char_F1_same_as_frame4=0.3820  char_F1_all_seen=0.4059
epoch  3/30 (133s)  train pixel 0.1296  latent 0.6079  text 5.2400  emb 0.6794  chars 0.4947  setting 0.4225
[val e3] img_L1=0.1293  img_L1_near_copy=0.0771  floor_median=0.1519  floor_copy=0.1665  pred_spread=0.0919  latent_cos=0.0511  alpha_on_best_input=0.2673  alpha_argmax_acc_near=0.3206  gate_near_copy=0.9520  gate_cut=0.9475  latent_R@10=0.0377  text_R@10=0.1986  text_CE=4.64  text_CE_shuffled=4.67  char_F1=0.1868  char_F1_same_as_frame4=0.3820  char_F1_all_seen=0.4059
epoch  4/30 (179s)  train pixel 0.1292  latent 0.6004  text 4.6604  emb 0.6304  chars 0.4847  setting 0.3830
[val e4] img_L1=0.1291  img_L1_near_copy=0.0784  floor_median=0.1519  floor_copy=0.1665  pred_spread=0.0964  latent_cos=0.0283  alpha_on_best_input=0.2727  alpha_argmax_acc_near=0.3224  gate_near_copy=0.9516  gate_cut=0.9435  latent_R@10=0.0439  text_R@10=0.2688  text_CE=4.13  text_CE_shuffled=4.18  char_F1=0.1766  char_F1_same_as_frame4=0.3820  char_F1_all_seen=0.4059
epoch  5/30 (226s)  train pixel 0.1285  latent 0.5933  text 4.3139  emb 0.6002  chars 0.4759  setting 0.3585
[val e5] img_L1=0.1296  img_L1_near_copy=0.0773  floor_median=0.1519  floor_copy=0.1665  pred_spread=0.0993  latent_cos=0.0247  alpha_on_best_input=0.2683  alpha_argmax_acc_near=0.3461  gate_near_copy=0.9477  gate_cut=0.9391  latent_R@10=0.0404  text_R@10=0.3286  text_CE=3.84  text_CE_shuffled=3.91  char_F1=0.2422  char_F1_same_as_frame4=0.3820  char_F1_all_seen=0.4059
epoch  6/30 (272s)  train pixel 0.1277  latent 0.5853  text 4.0870  emb 0.5790  chars 0.4668  setting 0.3422
[val e6] img_L1=0.1294  img_L1_near_copy=0.0758  floor_median=0.1519  floor_copy=0.1665  pred_spread=0.1218  latent_cos=0.0283  alpha_on_best_input=0.2764  alpha_argmax_acc_near=0.3643  gate_near_copy=0.9443  gate_cut=0.9249  latent_R@10=0.0489  text_R@10=0.3663  text_CE=3.65  text_CE_shuffled=3.74  char_F1=0.2606  char_F1_same_as_frame4=0.3820  char_F1_all_seen=0.4059
epoch  7/30 (319s)  train pixel 0.1266  latent 0.5765  text 3.9157  emb 0.5613  chars 0.4545  setting 0.3314
[val e7] img_L1=0.1290  img_L1_near_copy=0.0774  floor_median=0.1519  floor_copy=0.1665  pred_spread=0.1015  latent_cos=0.0314  alpha_on_best_input=0.2741  alpha_argmax_acc_near=0.3406  gate_near_copy=0.9331  gate_cut=0.9170  latent_R@10=0.0542  text_R@10=0.3764  text_CE=3.50  text_CE_shuffled=3.63  char_F1=0.2395  char_F1_same_as_frame4=0.3820  char_F1_all_seen=0.4059
epoch  8/30 (365s)  train pixel 0.1253  latent 0.5657  text 3.7844  emb 0.5461  chars 0.4399  setting 0.3207
[val e8] img_L1=0.1292  img_L1_near_copy=0.0761  floor_median=0.1519  floor_copy=0.1665  pred_spread=0.1027  latent_cos=0.0369  alpha_on_best_input=0.2728  alpha_argmax_acc_near=0.3679  gate_near_copy=0.9296  gate_cut=0.9169  latent_R@10=0.0584  text_R@10=0.4055  text_CE=3.40  text_CE_shuffled=3.54  char_F1=0.2356  char_F1_same_as_frame4=0.3820  char_F1_all_seen=0.4059
epoch  9/30 (412s)  train pixel 0.1240  latent 0.5549  text 3.6751  emb 0.5322  chars 0.4224  setting 0.3126
[val e9] img_L1=0.1299  img_L1_near_copy=0.0764  floor_median=0.1519  floor_copy=0.1665  pred_spread=0.1088  latent_cos=0.0251  alpha_on_best_input=0.2742  alpha_argmax_acc_near=0.3698  gate_near_copy=0.9149  gate_cut=0.8919  latent_R@10=0.0628  text_R@10=0.4159  text_CE=3.31  text_CE_shuffled=3.48  char_F1=0.2995  char_F1_same_as_frame4=0.3820  char_F1_all_seen=0.4059
epoch 10/30 (458s)  train pixel 0.1228  latent 0.5463  text 3.5826  emb 0.5199  chars 0.4026  setting 0.3049
[val e10] img_L1=0.1318  img_L1_near_copy=0.0788  floor_median=0.1519  floor_copy=0.1665  pred_spread=0.1148  latent_cos=0.0224  alpha_on_best_input=0.2804  alpha_argmax_acc_near=0.3807  gate_near_copy=0.9166  gate_cut=0.8867  latent_R@10=0.0637  text_R@10=0.4291  text_CE=3.24  text_CE_shuffled=3.43  char_F1=0.2859  char_F1_same_as_frame4=0.3820  char_F1_all_seen=0.4059
epoch 11/30 (505s)  train pixel 0.1211  latent 0.5340  text 3.5068  emb 0.5074  chars 0.3787  setting 0.2972
[val e11] img_L1=0.1303  img_L1_near_copy=0.0755  floor_median=0.1519  floor_copy=0.1665  pred_spread=0.1026  latent_cos=0.0224  alpha_on_best_input=0.2805  alpha_argmax_acc_near=0.3734  gate_near_copy=0.9109  gate_cut=0.8785  latent_R@10=0.0678  text_R@10=0.4300  text_CE=3.19  text_CE_shuffled=3.39  char_F1=0.2815  char_F1_same_as_frame4=0.3820  char_F1_all_seen=0.4059
epoch 12/30 (552s)  train pixel 0.1197  latent 0.5242  text 3.4340  emb 0.4961  chars 0.3539  setting 0.2912
[val e12] img_L1=0.1304  img_L1_near_copy=0.0754  floor_median=0.1519  floor_copy=0.1665  pred_spread=0.1122  latent_cos=0.0262  alpha_on_best_input=0.2902  alpha_argmax_acc_near=0.4026  gate_near_copy=0.9178  gate_cut=0.8824  latent_R@10=0.0790  text_R@10=0.4271  text_CE=3.14  text_CE_shuffled=3.36  char_F1=0.2727  char_F1_same_as_frame4=0.3820  char_F1_all_seen=0.4059
epoch 13/30 (599s)  train pixel 0.1184  latent 0.5153  text 3.3746  emb 0.4855  chars 0.3252  setting 0.2854
[val e13] img_L1=0.1314  img_L1_near_copy=0.0749  floor_median=0.1519  floor_copy=0.1665  pred_spread=0.1140  latent_cos=0.0123  alpha_on_best_input=0.2871  alpha_argmax_acc_near=0.3934  gate_near_copy=0.9011  gate_cut=0.8606  latent_R@10=0.0778  text_R@10=0.4312  text_CE=3.11  text_CE_shuffled=3.34  char_F1=0.2973  char_F1_same_as_frame4=0.3820  char_F1_all_seen=0.4059
epoch 14/30 (645s)  train pixel 0.1169  latent 0.5076  text 3.3200  emb 0.4753  chars 0.2975  setting 0.2796
[val e14] img_L1=0.1318  img_L1_near_copy=0.0763  floor_median=0.1519  floor_copy=0.1665  pred_spread=0.1214  latent_cos=0.0129  alpha_on_best_input=0.2868  alpha_argmax_acc_near=0.3880  gate_near_copy=0.8930  gate_cut=0.8438  latent_R@10=0.0687  text_R@10=0.4226  text_CE=3.08  text_CE_shuffled=3.32  char_F1=0.2934  char_F1_same_as_frame4=0.3820  char_F1_all_seen=0.4059
epoch 15/30 (692s)  train pixel 0.1155  latent 0.4988  text 3.2707  emb 0.4653  chars 0.2673  setting 0.2743
[val e15] img_L1=0.1332  img_L1_near_copy=0.0752  floor_median=0.1519  floor_copy=0.1665  pred_spread=0.1329  latent_cos=0.0127  alpha_on_best_input=0.2876  alpha_argmax_acc_near=0.3862  gate_near_copy=0.9000  gate_cut=0.8538  latent_R@10=0.0754  text_R@10=0.4170  text_CE=3.06  text_CE_shuffled=3.30  char_F1=0.3008  char_F1_same_as_frame4=0.3820  char_F1_all_seen=0.4059
epoch 16/30 (738s)  train pixel 0.1141  latent 0.4910  text 3.2292  emb 0.4564  chars 0.2373  setting 0.2696
[val e16] img_L1=0.1331  img_L1_near_copy=0.0755  floor_median=0.1519  floor_copy=0.1665  pred_spread=0.1245  latent_cos=0.0105  alpha_on_best_input=0.2854  alpha_argmax_acc_near=0.3898  gate_near_copy=0.8771  gate_cut=0.8209  latent_R@10=0.0749  text_R@10=0.4218  text_CE=3.04  text_CE_shuffled=3.29  char_F1=0.2895  char_F1_same_as_frame4=0.3820  char_F1_all_seen=0.4059
epoch 17/30 (785s)  train pixel 0.1127  latent 0.4831  text 3.1875  emb 0.4485  chars 0.2089  setting 0.2662
[val e17] img_L1=0.1345  img_L1_near_copy=0.0768  floor_median=0.1519  floor_copy=0.1665  pred_spread=0.1312  latent_cos=0.0117  alpha_on_best_input=0.2839  alpha_argmax_acc_near=0.3953  gate_near_copy=0.8878  gate_cut=0.8278  latent_R@10=0.0746  text_R@10=0.4141  text_CE=3.02  text_CE_shuffled=3.28  char_F1=0.3119  char_F1_same_as_frame4=0.3820  char_F1_all_seen=0.4059
epoch 18/30 (832s)  train pixel 0.1112  latent 0.4754  text 3.1564  emb 0.4405  chars 0.1819  setting 0.2619
[val e18] img_L1=0.1342  img_L1_near_copy=0.0767  floor_median=0.1519  floor_copy=0.1665  pred_spread=0.1294  latent_cos=0.0158  alpha_on_best_input=0.2856  alpha_argmax_acc_near=0.3862  gate_near_copy=0.8696  gate_cut=0.8128  latent_R@10=0.0793  text_R@10=0.4138  text_CE=3.01  text_CE_shuffled=3.28  char_F1=0.3182  char_F1_same_as_frame4=0.3820  char_F1_all_seen=0.4059
epoch 19/30 (878s)  train pixel 0.1099  latent 0.4684  text 3.1257  emb 0.4332  chars 0.1572  setting 0.2577
[val e19] img_L1=0.1347  img_L1_near_copy=0.0768  floor_median=0.1519  floor_copy=0.1665  pred_spread=0.1300  latent_cos=0.0181  alpha_on_best_input=0.2850  alpha_argmax_acc_near=0.3770  gate_near_copy=0.8656  gate_cut=0.7963  latent_R@10=0.0716  text_R@10=0.4064  text_CE=3.00  text_CE_shuffled=3.27  char_F1=0.3110  char_F1_same_as_frame4=0.3820  char_F1_all_seen=0.4059
epoch 20/30 (925s)  train pixel 0.1084  latent 0.4612  text 3.0958  emb 0.4262  chars 0.1347  setting 0.2550
[val e20] img_L1=0.1353  img_L1_near_copy=0.0775  floor_median=0.1519  floor_copy=0.1665  pred_spread=0.1308  latent_cos=0.0126  alpha_on_best_input=0.2831  alpha_argmax_acc_near=0.3734  gate_near_copy=0.8701  gate_cut=0.8078  latent_R@10=0.0737  text_R@10=0.4002  text_CE=3.00  text_CE_shuffled=3.27  char_F1=0.3077  char_F1_same_as_frame4=0.3820  char_F1_all_seen=0.4059
epoch 21/30 (972s)  train pixel 0.1068  latent 0.4542  text 3.0739  emb 0.4196  chars 0.1160  setting 0.2515
[val e21] img_L1=0.1366  img_L1_near_copy=0.0781  floor_median=0.1519  floor_copy=0.1665  pred_spread=0.1338  latent_cos=0.0160  alpha_on_best_input=0.2833  alpha_argmax_acc_near=0.3807  gate_near_copy=0.8600  gate_cut=0.7878  latent_R@10=0.0740  text_R@10=0.3964  text_CE=2.99  text_CE_shuffled=3.27  char_F1=0.3024  char_F1_same_as_frame4=0.3820  char_F1_all_seen=0.4059
epoch 22/30 (1018s)  train pixel 0.1055  latent 0.4483  text 3.0545  emb 0.4140  chars 0.1006  setting 0.2478
[val e22] img_L1=0.1373  img_L1_near_copy=0.0793  floor_median=0.1519  floor_copy=0.1665  pred_spread=0.1373  latent_cos=0.0146  alpha_on_best_input=0.2843  alpha_argmax_acc_near=0.3862  gate_near_copy=0.8491  gate_cut=0.7763  latent_R@10=0.0763  text_R@10=0.3864  text_CE=2.99  text_CE_shuffled=3.28  char_F1=0.2938  char_F1_same_as_frame4=0.3820  char_F1_all_seen=0.4059
epoch 23/30 (1065s)  train pixel 0.1042  latent 0.4428  text 3.0352  emb 0.4088  chars 0.0877  setting 0.2458
[val e23] img_L1=0.1381  img_L1_near_copy=0.0792  floor_median=0.1519  floor_copy=0.1665  pred_spread=0.1380  latent_cos=0.0118  alpha_on_best_input=0.2819  alpha_argmax_acc_near=0.3752  gate_near_copy=0.8536  gate_cut=0.7773  latent_R@10=0.0754  text_R@10=0.3940  text_CE=2.98  text_CE_shuffled=3.27  char_F1=0.2917  char_F1_same_as_frame4=0.3820  char_F1_all_seen=0.4059
epoch 24/30 (1112s)  train pixel 0.1031  latent 0.4374  text 3.0188  emb 0.4048  chars 0.0786  setting 0.2440
[val e24] img_L1=0.1387  img_L1_near_copy=0.0803  floor_median=0.1519  floor_copy=0.1665  pred_spread=0.1389  latent_cos=0.0086  alpha_on_best_input=0.2809  alpha_argmax_acc_near=0.3607  gate_near_copy=0.8467  gate_cut=0.7716  latent_R@10=0.0749  text_R@10=0.3911  text_CE=2.98  text_CE_shuffled=3.27  char_F1=0.2962  char_F1_same_as_frame4=0.3820  char_F1_all_seen=0.4059
epoch 25/30 (1159s)  train pixel 0.1021  latent 0.4328  text 3.0084  emb 0.4009  chars 0.0711  setting 0.2416
[val e25] img_L1=0.1388  img_L1_near_copy=0.0799  floor_median=0.1519  floor_copy=0.1665  pred_spread=0.1386  latent_cos=0.0112  alpha_on_best_input=0.2831  alpha_argmax_acc_near=0.3679  gate_near_copy=0.8484  gate_cut=0.7691  latent_R@10=0.0763  text_R@10=0.3870  text_CE=2.98  text_CE_shuffled=3.28  char_F1=0.2955  char_F1_same_as_frame4=0.3820  char_F1_all_seen=0.4059
epoch 26/30 (1205s)  train pixel 0.1013  latent 0.4298  text 3.0004  emb 0.3978  chars 0.0654  setting 0.2403
[val e26] img_L1=0.1388  img_L1_near_copy=0.0797  floor_median=0.1519  floor_copy=0.1665  pred_spread=0.1377  latent_cos=0.0121  alpha_on_best_input=0.2816  alpha_argmax_acc_near=0.3643  gate_near_copy=0.8457  gate_cut=0.7674  latent_R@10=0.0749  text_R@10=0.3823  text_CE=2.98  text_CE_shuffled=3.28  char_F1=0.2995  char_F1_same_as_frame4=0.3820  char_F1_all_seen=0.4059
epoch 27/30 (1252s)  train pixel 0.1007  latent 0.4272  text 2.9947  emb 0.3953  chars 0.0618  setting 0.2390
[val e27] img_L1=0.1395  img_L1_near_copy=0.0802  floor_median=0.1519  floor_copy=0.1665  pred_spread=0.1412  latent_cos=0.0098  alpha_on_best_input=0.2820  alpha_argmax_acc_near=0.3607  gate_near_copy=0.8455  gate_cut=0.7658  latent_R@10=0.0746  text_R@10=0.3799  text_CE=2.98  text_CE_shuffled=3.28  char_F1=0.2972  char_F1_same_as_frame4=0.3820  char_F1_all_seen=0.4059
epoch 28/30 (1299s)  train pixel 0.1003  latent 0.4255  text 2.9885  emb 0.3937  chars 0.0595  setting 0.2381
[val e28] img_L1=0.1395  img_L1_near_copy=0.0803  floor_median=0.1519  floor_copy=0.1665  pred_spread=0.1404  latent_cos=0.0106  alpha_on_best_input=0.2812  alpha_argmax_acc_near=0.3625  gate_near_copy=0.8436  gate_cut=0.7640  latent_R@10=0.0752  text_R@10=0.3814  text_CE=2.98  text_CE_shuffled=3.28  char_F1=0.2962  char_F1_same_as_frame4=0.3820  char_F1_all_seen=0.4059
epoch 29/30 (1346s)  train pixel 0.1000  latent 0.4245  text 2.9851  emb 0.3930  chars 0.0581  setting 0.2377
[val e29] img_L1=0.1394  img_L1_near_copy=0.0802  floor_median=0.1519  floor_copy=0.1665  pred_spread=0.1395  latent_cos=0.0112  alpha_on_best_input=0.2814  alpha_argmax_acc_near=0.3607  gate_near_copy=0.8439  gate_cut=0.7633  latent_R@10=0.0763  text_R@10=0.3826  text_CE=2.98  text_CE_shuffled=3.28  char_F1=0.2956  char_F1_same_as_frame4=0.3820  char_F1_all_seen=0.4059
epoch 30/30 (1393s)  train pixel 0.0999  latent 0.4242  text 2.9827  emb 0.3924  chars 0.0574  setting 0.2374
[val e30] img_L1=0.1396  img_L1_near_copy=0.0804  floor_median=0.1519  floor_copy=0.1665  pred_spread=0.1400  latent_cos=0.0098  alpha_on_best_input=0.2814  alpha_argmax_acc_near=0.3588  gate_near_copy=0.8434  gate_cut=0.7628  latent_R@10=0.0752  text_R@10=0.3814  text_CE=2.98  text_CE_shuffled=3.27  char_F1=0.2959  char_F1_same_as_frame4=0.3820  char_F1_all_seen=0.4059
[TEST last epoch] img_L1=0.1401  img_L1_near_copy=0.0795  floor_median=0.1514  floor_copy=0.1697  pred_spread=0.1376  latent_cos=0.0251  alpha_on_best_input=0.2800  alpha_argmax_acc_near=0.3341  gate_near_copy=0.8603  gate_cut=0.7713  latent_R@10=0.0632  text_R@10=0.3961  text_CE=3.00  text_CE_shuffled=3.29  char_F1=0.2860  char_F1_same_as_frame4=0.3807  char_F1_all_seen=0.4086
[TEST best val img_L1 (epoch 1)] img_L1=0.1298  img_L1_near_copy=0.0762  floor_median=0.1514  floor_copy=0.1697  pred_spread=0.1002  latent_cos=0.0863  alpha_on_best_input=0.2663  alpha_argmax_acc_near=0.2769  gate_near_copy=0.9201  gate_cut=0.9142  latent_R@10=0.0434  text_R@10=0.0121  text_CE=5.91  text_CE_shuffled=5.91  char_F1=0.0004  char_F1_same_as_frame4=0.3807  char_F1_all_seen=0.4086
figure: /home/aljiro/dev/dnnls_architecture/v2/out/predictions_stageC_minilm_e30.png
TEST summary: {'img_L1': 0.1298, 'img_L1_near_copy': 0.0762, 'floor_median': 0.1514, 'floor_copy': 0.1697, 'pred_spread': 0.1002, 'latent_cos': 0.0863, 'alpha_on_best_input': 0.2663, 'alpha_argmax_acc_near': 0.2769, 'gate_near_copy': 0.9201, 'gate_cut': 0.9142, 'latent_R@10': 0.0434, 'text_R@10': 0.0121, 'text_CE': 5.9121, 'text_CE_shuffled': 5.9125, 'char_F1': 0.0004, 'char_F1_same_as_frame4': 0.3807, 'char_F1_all_seen': 0.4086}
