windows: train 13625  val 3393  test 2974  device cuda  text encoder lstm
loaded pretrained autoencoder from /home/aljiro/dev/dnnls_architecture/v2/out/visual_ae.pt
trainable params: 27,646,302
epoch  1/15 (32s)  train pixel 0.1529  latent 0.2813  text 7.271
[val e1] img_L1=0.1354  floor_median=0.1519  floor_copy=0.1665  pred_spread=0.0928  target_spread=0.2037  latent_R@1=0.0009  latent_R@10=0.0091  latent_chance=0.0003  text_CE=5.55  text_ppl=256.94
epoch  2/15 (67s)  train pixel 0.1369  latent 0.1918  text 4.798
[val e2] img_L1=0.1335  floor_median=0.1519  floor_copy=0.1665  pred_spread=0.0772  target_spread=0.2037  latent_R@1=0.0009  latent_R@10=0.0162  latent_chance=0.0003  text_CE=4.28  text_ppl=72.01
epoch  3/15 (102s)  train pixel 0.1351  latent 0.1446  text 3.965
[val e3] img_L1=0.1346  floor_median=0.1519  floor_copy=0.1665  pred_spread=0.0700  target_spread=0.2037  latent_R@1=0.0018  latent_R@10=0.0262  latent_chance=0.0003  text_CE=3.80  text_ppl=44.84
epoch  4/15 (137s)  train pixel 0.1340  latent 0.1785  text 3.596
[val e4] img_L1=0.1341  floor_median=0.1519  floor_copy=0.1665  pred_spread=0.0798  target_spread=0.2037  latent_R@1=0.0006  latent_R@10=0.0088  latent_chance=0.0003  text_CE=3.56  text_ppl=35.10
epoch  5/15 (172s)  train pixel 0.1329  latent 0.1902  text 3.374
[val e5] img_L1=0.1310  floor_median=0.1519  floor_copy=0.1665  pred_spread=0.1071  target_spread=0.2037  latent_R@1=0.0038  latent_R@10=0.0510  latent_chance=0.0003  text_CE=3.40  text_ppl=29.98
epoch  6/15 (207s)  train pixel 0.1312  latent 0.2422  text 3.223
[val e6] img_L1=0.1322  floor_median=0.1519  floor_copy=0.1665  pred_spread=0.0761  target_spread=0.2037  latent_R@1=0.0059  latent_R@10=0.0495  latent_chance=0.0003  text_CE=3.29  text_ppl=26.96
epoch  7/15 (242s)  train pixel 0.1304  latent 0.2366  text 3.110
[val e7] img_L1=0.1331  floor_median=0.1519  floor_copy=0.1665  pred_spread=0.0821  target_spread=0.2037  latent_R@1=0.0053  latent_R@10=0.0578  latent_chance=0.0003  text_CE=3.22  text_ppl=24.92
epoch  8/15 (277s)  train pixel 0.1297  latent 0.2126  text 3.024
[val e8] img_L1=0.1328  floor_median=0.1519  floor_copy=0.1665  pred_spread=0.1189  target_spread=0.2037  latent_R@1=0.0097  latent_R@10=0.0678  latent_chance=0.0003  text_CE=3.16  text_ppl=23.51
epoch  9/15 (312s)  train pixel 0.1284  latent 0.2152  text 2.957
[val e9] img_L1=0.1328  floor_median=0.1519  floor_copy=0.1665  pred_spread=0.1215  target_spread=0.2037  latent_R@1=0.0100  latent_R@10=0.0716  latent_chance=0.0003  text_CE=3.11  text_ppl=22.53
epoch 10/15 (347s)  train pixel 0.1272  latent 0.2110  text 2.907
[val e10] img_L1=0.1309  floor_median=0.1519  floor_copy=0.1665  pred_spread=0.0969  target_spread=0.2037  latent_R@1=0.0150  latent_R@10=0.0917  latent_chance=0.0003  text_CE=3.08  text_ppl=21.85
epoch 11/15 (382s)  train pixel 0.1259  latent 0.1970  text 2.870
[val e11] img_L1=0.1308  floor_median=0.1519  floor_copy=0.1665  pred_spread=0.0968  target_spread=0.2037  latent_R@1=0.0162  latent_R@10=0.0931  latent_chance=0.0003  text_CE=3.06  text_ppl=21.41
epoch 12/15 (417s)  train pixel 0.1249  latent 0.1804  text 2.845
[val e12] img_L1=0.1313  floor_median=0.1519  floor_copy=0.1665  pred_spread=0.1102  target_spread=0.2037  latent_R@1=0.0147  latent_R@10=0.0949  latent_chance=0.0003  text_CE=3.05  text_ppl=21.13
epoch 13/15 (452s)  train pixel 0.1241  latent 0.1673  text 2.829
[val e13] img_L1=0.1312  floor_median=0.1519  floor_copy=0.1665  pred_spread=0.0987  target_spread=0.2037  latent_R@1=0.0153  latent_R@10=0.0914  latent_chance=0.0003  text_CE=3.04  text_ppl=20.99
epoch 14/15 (487s)  train pixel 0.1238  latent 0.1589  text 2.820
[val e14] img_L1=0.1312  floor_median=0.1519  floor_copy=0.1665  pred_spread=0.1024  target_spread=0.2037  latent_R@1=0.0162  latent_R@10=0.0911  latent_chance=0.0003  text_CE=3.04  text_ppl=20.94
epoch 15/15 (522s)  train pixel 0.1235  latent 0.1561  text 2.817
[val e15] img_L1=0.1312  floor_median=0.1519  floor_copy=0.1665  pred_spread=0.1027  target_spread=0.2037  latent_R@1=0.0156  latent_R@10=0.0920  latent_chance=0.0003  text_CE=3.04  text_ppl=20.94
[TEST] img_L1=0.1317  floor_median=0.1514  floor_copy=0.1697  pred_spread=0.0976  target_spread=0.2044  latent_R@1=0.0134  latent_R@10=0.0884  latent_chance=0.0003  text_CE=3.06  text_ppl=21.23
figure: /home/aljiro/dev/dnnls_architecture/v2/out/predictions_lstm.png
TEST summary: {'img_L1': 0.1317, 'floor_median': 0.1514, 'floor_copy': 0.1697, 'pred_spread': 0.0976, 'target_spread': 0.2044, 'latent_R@1': 0.0134, 'latent_R@10': 0.0884, 'latent_chance': 0.0003, 'text_CE': 3.0553, 'text_ppl': 21.2267}
