Warning: You are sending unauthenticated requests to the HF Hub. Please set a HF_TOKEN to enable higher rate limits and faster downloads.
stage C  windows: train 13625  val 3393  test 2974  device cuda  text encoder minilm
loaded pretrained autoencoder from /home/aljiro/dev/dnnls_architecture/v2/out/visual_ae.pt
loaded pretrained language model into the text decoder from /home/aljiro/dev/dnnls_architecture/v2/out/text_lm.pt
trainable params: 24,054,118  (image enc/dec at 0.1x, text LM layers at 0.3x)
epoch  1/15 (41s)  train pixel 0.1326  latent 0.6501  text 3.8535  emb 0.9430  chars 0.5515  setting 0.8268
[val e1] img_L1=0.1286  recon_L1=0.0768  img_L1_near_copy=0.0738  floor_median=0.1519  floor_copy=0.1665  pred_spread=0.1145  latent_cos=0.0450  alpha_on_best_input=0.2651  alpha_argmax_acc_near=0.2951  gate_near_copy=0.9298  gate_cut=0.9245  latent_R@10=0.0808  text_R@10=0.0274  text_CE=2.67  text_CE_shuffled=2.67  char_F1=0.0855  char_F1_same_as_frame4=0.3820  char_F1_all_seen=0.4059
epoch  2/15 (88s)  train pixel 0.1290  latent 0.6103  text 3.5209  emb 0.7282  chars 0.5012  setting 0.4748
[val e2] img_L1=0.1288  recon_L1=0.0868  img_L1_near_copy=0.0760  floor_median=0.1519  floor_copy=0.1665  pred_spread=0.1128  latent_cos=0.0229  alpha_on_best_input=0.2664  alpha_argmax_acc_near=0.3115  gate_near_copy=0.9412  gate_cut=0.9403  latent_R@10=0.0554  text_R@10=0.1424  text_CE=2.63  text_CE_shuffled=2.64  char_F1=0.1676  char_F1_same_as_frame4=0.3820  char_F1_all_seen=0.4059
epoch  3/15 (134s)  train pixel 0.1287  latent 0.6020  text 3.4118  emb 0.6500  chars 0.4862  setting 0.4019
[val e3] img_L1=0.1283  recon_L1=0.0889  img_L1_near_copy=0.0751  floor_median=0.1519  floor_copy=0.1665  pred_spread=0.1031  latent_cos=0.0210  alpha_on_best_input=0.2665  alpha_argmax_acc_near=0.3352  gate_near_copy=0.9523  gate_cut=0.9388  latent_R@10=0.0572  text_R@10=0.2514  text_CE=2.61  text_CE_shuffled=2.63  char_F1=0.1872  char_F1_same_as_frame4=0.3820  char_F1_all_seen=0.4059
epoch  4/15 (180s)  train pixel 0.1280  latent 0.5953  text 3.3529  emb 0.6146  chars 0.4768  setting 0.3709
[val e4] img_L1=0.1285  recon_L1=0.0906  img_L1_near_copy=0.0761  floor_median=0.1519  floor_copy=0.1665  pred_spread=0.1042  latent_cos=0.0208  alpha_on_best_input=0.2732  alpha_argmax_acc_near=0.3534  gate_near_copy=0.9387  gate_cut=0.9250  latent_R@10=0.0587  text_R@10=0.3027  text_CE=2.60  text_CE_shuffled=2.63  char_F1=0.1929  char_F1_same_as_frame4=0.3820  char_F1_all_seen=0.4059
epoch  5/15 (226s)  train pixel 0.1272  latent 0.5882  text 3.3176  emb 0.5892  chars 0.4680  setting 0.3518
[val e5] img_L1=0.1285  recon_L1=0.0885  img_L1_near_copy=0.0756  floor_median=0.1519  floor_copy=0.1665  pred_spread=0.1114  latent_cos=0.0131  alpha_on_best_input=0.2716  alpha_argmax_acc_near=0.3479  gate_near_copy=0.9417  gate_cut=0.9244  latent_R@10=0.0634  text_R@10=0.3469  text_CE=2.60  text_CE_shuffled=2.63  char_F1=0.2246  char_F1_same_as_frame4=0.3820  char_F1_all_seen=0.4059
epoch  6/15 (273s)  train pixel 0.1264  latent 0.5816  text 3.2865  emb 0.5703  chars 0.4585  setting 0.3369
[val e6] img_L1=0.1284  recon_L1=0.0886  img_L1_near_copy=0.0749  floor_median=0.1519  floor_copy=0.1665  pred_spread=0.1113  latent_cos=0.0264  alpha_on_best_input=0.2814  alpha_argmax_acc_near=0.3534  gate_near_copy=0.9336  gate_cut=0.9006  latent_R@10=0.0669  text_R@10=0.3772  text_CE=2.60  text_CE_shuffled=2.64  char_F1=0.2809  char_F1_same_as_frame4=0.3820  char_F1_all_seen=0.4059
epoch  7/15 (319s)  train pixel 0.1256  latent 0.5739  text 3.2616  emb 0.5546  chars 0.4471  setting 0.3279
[val e7] img_L1=0.1283  recon_L1=0.0880  img_L1_near_copy=0.0751  floor_median=0.1519  floor_copy=0.1665  pred_spread=0.1095  latent_cos=0.0193  alpha_on_best_input=0.2811  alpha_argmax_acc_near=0.3352  gate_near_copy=0.9224  gate_cut=0.8946  latent_R@10=0.0716  text_R@10=0.3876  text_CE=2.60  text_CE_shuffled=2.64  char_F1=0.2727  char_F1_same_as_frame4=0.3820  char_F1_all_seen=0.4059
epoch  8/15 (366s)  train pixel 0.1247  latent 0.5654  text 3.2449  emb 0.5416  chars 0.4365  setting 0.3183
[val e8] img_L1=0.1285  recon_L1=0.0848  img_L1_near_copy=0.0747  floor_median=0.1519  floor_copy=0.1665  pred_spread=0.1137  latent_cos=0.0092  alpha_on_best_input=0.2809  alpha_argmax_acc_near=0.3625  gate_near_copy=0.9139  gate_cut=0.8823  latent_R@10=0.0743  text_R@10=0.4082  text_CE=2.60  text_CE_shuffled=2.64  char_F1=0.2784  char_F1_same_as_frame4=0.3820  char_F1_all_seen=0.4059
epoch  9/15 (412s)  train pixel 0.1235  latent 0.5567  text 3.2291  emb 0.5300  chars 0.4242  setting 0.3110
[val e9] img_L1=0.1289  recon_L1=0.0839  img_L1_near_copy=0.0740  floor_median=0.1519  floor_copy=0.1665  pred_spread=0.1166  latent_cos=0.0114  alpha_on_best_input=0.2843  alpha_argmax_acc_near=0.3843  gate_near_copy=0.9160  gate_cut=0.8735  latent_R@10=0.0743  text_R@10=0.4106  text_CE=2.59  text_CE_shuffled=2.64  char_F1=0.2573  char_F1_same_as_frame4=0.3820  char_F1_all_seen=0.4059
epoch 10/15 (459s)  train pixel 0.1226  latent 0.5503  text 3.2160  emb 0.5207  chars 0.4134  setting 0.3050
[val e10] img_L1=0.1291  recon_L1=0.0827  img_L1_near_copy=0.0747  floor_median=0.1519  floor_copy=0.1665  pred_spread=0.1139  latent_cos=0.0110  alpha_on_best_input=0.2874  alpha_argmax_acc_near=0.3716  gate_near_copy=0.9027  gate_cut=0.8483  latent_R@10=0.0799  text_R@10=0.4300  text_CE=2.59  text_CE_shuffled=2.64  char_F1=0.2980  char_F1_same_as_frame4=0.3820  char_F1_all_seen=0.4059
epoch 11/15 (506s)  train pixel 0.1216  latent 0.5420  text 3.2097  emb 0.5121  chars 0.4024  setting 0.2991
[val e11] img_L1=0.1294  recon_L1=0.0818  img_L1_near_copy=0.0743  floor_median=0.1519  floor_copy=0.1665  pred_spread=0.1187  latent_cos=0.0104  alpha_on_best_input=0.2883  alpha_argmax_acc_near=0.3643  gate_near_copy=0.9027  gate_cut=0.8526  latent_R@10=0.0802  text_R@10=0.4256  text_CE=2.59  text_CE_shuffled=2.64  char_F1=0.2918  char_F1_same_as_frame4=0.3820  char_F1_all_seen=0.4059
epoch 12/15 (552s)  train pixel 0.1209  latent 0.5354  text 3.1978  emb 0.5054  chars 0.3940  setting 0.2959
[val e12] img_L1=0.1296  recon_L1=0.0808  img_L1_near_copy=0.0740  floor_median=0.1519  floor_copy=0.1665  pred_spread=0.1185  latent_cos=0.0113  alpha_on_best_input=0.2913  alpha_argmax_acc_near=0.3552  gate_near_copy=0.9086  gate_cut=0.8569  latent_R@10=0.0825  text_R@10=0.4306  text_CE=2.59  text_CE_shuffled=2.64  char_F1=0.2900  char_F1_same_as_frame4=0.3820  char_F1_all_seen=0.4059
epoch 13/15 (599s)  train pixel 0.1202  latent 0.5309  text 3.1937  emb 0.5013  chars 0.3876  setting 0.2929
[val e13] img_L1=0.1299  recon_L1=0.0800  img_L1_near_copy=0.0741  floor_median=0.1519  floor_copy=0.1665  pred_spread=0.1204  latent_cos=0.0092  alpha_on_best_input=0.2913  alpha_argmax_acc_near=0.3752  gate_near_copy=0.8963  gate_cut=0.8411  latent_R@10=0.0843  text_R@10=0.4315  text_CE=2.59  text_CE_shuffled=2.65  char_F1=0.2837  char_F1_same_as_frame4=0.3820  char_F1_all_seen=0.4059
epoch 14/15 (645s)  train pixel 0.1198  latent 0.5288  text 3.1923  emb 0.4978  chars 0.3831  setting 0.2907
[val e14] img_L1=0.1300  recon_L1=0.0798  img_L1_near_copy=0.0740  floor_median=0.1519  floor_copy=0.1665  pred_spread=0.1192  latent_cos=0.0100  alpha_on_best_input=0.2916  alpha_argmax_acc_near=0.3679  gate_near_copy=0.8989  gate_cut=0.8437  latent_R@10=0.0840  text_R@10=0.4335  text_CE=2.59  text_CE_shuffled=2.64  char_F1=0.2879  char_F1_same_as_frame4=0.3820  char_F1_all_seen=0.4059
epoch 15/15 (692s)  train pixel 0.1196  latent 0.5270  text 3.1881  emb 0.4961  chars 0.3813  setting 0.2895
[val e15] img_L1=0.1300  recon_L1=0.0797  img_L1_near_copy=0.0740  floor_median=0.1519  floor_copy=0.1665  pred_spread=0.1200  latent_cos=0.0100  alpha_on_best_input=0.2915  alpha_argmax_acc_near=0.3716  gate_near_copy=0.8979  gate_cut=0.8424  latent_R@10=0.0849  text_R@10=0.4356  text_CE=2.59  text_CE_shuffled=2.65  char_F1=0.2927  char_F1_same_as_frame4=0.3820  char_F1_all_seen=0.4059
[TEST last epoch] img_L1=0.1314  recon_L1=0.0797  img_L1_near_copy=0.0733  floor_median=0.1514  floor_copy=0.1697  pred_spread=0.1194  latent_cos=0.0224  alpha_on_best_input=0.2871  alpha_argmax_acc_near=0.3570  gate_near_copy=0.8997  gate_cut=0.8431  latent_R@10=0.0783  text_R@10=0.4566  text_CE=2.75  text_CE_shuffled=2.81  char_F1=0.2809  char_F1_same_as_frame4=0.3807  char_F1_all_seen=0.4086
[TEST best val retrieval (epoch 15)] img_L1=0.1314  recon_L1=0.0797  img_L1_near_copy=0.0733  floor_median=0.1514  floor_copy=0.1697  pred_spread=0.1194  latent_cos=0.0224  alpha_on_best_input=0.2871  alpha_argmax_acc_near=0.3570  gate_near_copy=0.8997  gate_cut=0.8431  latent_R@10=0.0783  text_R@10=0.4566  text_CE=2.75  text_CE_shuffled=2.81  char_F1=0.2809  char_F1_same_as_frame4=0.3807  char_F1_all_seen=0.4086
figure: /home/aljiro/dev/dnnls_architecture/v2/out/predictions_stageC_minilm_s123.png
TEST summary: {'img_L1': 0.1314, 'recon_L1': 0.0797, 'img_L1_near_copy': 0.0733, 'floor_median': 0.1514, 'floor_copy': 0.1697, 'pred_spread': 0.1194, 'latent_cos': 0.0224, 'alpha_on_best_input': 0.2871, 'alpha_argmax_acc_near': 0.357, 'gate_near_copy': 0.8997, 'gate_cut': 0.8431, 'latent_R@10': 0.0783, 'text_R@10': 0.4566, 'text_CE': 2.752, 'text_CE_shuffled': 2.8071, 'char_F1': 0.2809, 'char_F1_same_as_frame4': 0.3807, 'char_F1_all_seen': 0.4086}
