Warning: You are sending unauthenticated requests to the HF Hub. Please set a HF_TOKEN to enable higher rate limits and faster downloads.
windows: train 13625  val 3393  test 2974  device cuda  text encoder minilm
loaded pretrained autoencoder from /home/aljiro/dev/dnnls_architecture/v2/out/visual_ae.pt
trainable params: 20,525,022
epoch  1/15 (25s)  train pixel 0.1448  latent 0.5475  text 7.284  text-emb 0.4866
[val e1] img_L1=0.1306  floor_median=0.1519  floor_copy=0.1665  pred_spread=0.1000  target_spread=0.2037  latent_R@1=0.0018  latent_R@10=0.0121  latent_chance=0.0003  text_R@1=0.0003  text_R@10=0.0047  text_CE=5.66  text_CE_shuffled_z=5.66  text_ppl=286.64
epoch  2/15 (54s)  train pixel 0.1304  latent 0.3660  text 5.195  text-emb 0.3687
[val e2] img_L1=0.1302  floor_median=0.1519  floor_copy=0.1665  pred_spread=0.0998  target_spread=0.2037  latent_R@1=0.0021  latent_R@10=0.0186  latent_chance=0.0003  text_R@1=0.0009  text_R@10=0.0106  text_CE=4.47  text_CE_shuffled_z=4.48  text_ppl=87.60
epoch  3/15 (83s)  train pixel 0.1294  latent 0.3626  text 4.534  text-emb 0.3445
[val e3] img_L1=0.1298  floor_median=0.1519  floor_copy=0.1665  pred_spread=0.0975  target_spread=0.2037  latent_R@1=0.0012  latent_R@10=0.0147  latent_chance=0.0003  text_R@1=0.0038  text_R@10=0.0221  text_CE=4.00  text_CE_shuffled_z=4.01  text_ppl=54.64
epoch  4/15 (112s)  train pixel 0.1286  latent 0.3594  text 4.219  text-emb 0.3292
[val e4] img_L1=0.1294  floor_median=0.1519  floor_copy=0.1665  pred_spread=0.0973  target_spread=0.2037  latent_R@1=0.0012  latent_R@10=0.0177  latent_chance=0.0003  text_R@1=0.0044  text_R@10=0.0307  text_CE=3.75  text_CE_shuffled_z=3.78  text_ppl=42.55
epoch  5/15 (141s)  train pixel 0.1274  latent 0.3561  text 4.024  text-emb 0.3181
[val e5] img_L1=0.1300  floor_median=0.1519  floor_copy=0.1665  pred_spread=0.0988  target_spread=0.2037  latent_R@1=0.0021  latent_R@10=0.0203  latent_chance=0.0003  text_R@1=0.0094  text_R@10=0.0551  text_CE=3.58  text_CE_shuffled_z=3.62  text_ppl=35.92
epoch  6/15 (170s)  train pixel 0.1264  latent 0.3528  text 3.881  text-emb 0.3091
[val e6] img_L1=0.1299  floor_median=0.1519  floor_copy=0.1665  pred_spread=0.1152  target_spread=0.2037  latent_R@1=0.0018  latent_R@10=0.0186  latent_chance=0.0003  text_R@1=0.0124  text_R@10=0.0810  text_CE=3.46  text_CE_shuffled_z=3.52  text_ppl=31.95
epoch  7/15 (199s)  train pixel 0.1254  latent 0.3494  text 3.772  text-emb 0.3016
[val e7] img_L1=0.1300  floor_median=0.1519  floor_copy=0.1665  pred_spread=0.0977  target_spread=0.2037  latent_R@1=0.0006  latent_R@10=0.0177  latent_chance=0.0003  text_R@1=0.0139  text_R@10=0.0810  text_CE=3.38  text_CE_shuffled_z=3.45  text_ppl=29.35
epoch  8/15 (228s)  train pixel 0.1244  latent 0.3459  text 3.691  text-emb 0.2956
[val e8] img_L1=0.1301  floor_median=0.1519  floor_copy=0.1665  pred_spread=0.1100  target_spread=0.2037  latent_R@1=0.0012  latent_R@10=0.0192  latent_chance=0.0003  text_R@1=0.0162  text_R@10=0.0987  text_CE=3.32  text_CE_shuffled_z=3.41  text_ppl=27.60
epoch  9/15 (257s)  train pixel 0.1232  latent 0.3422  text 3.630  text-emb 0.2906
[val e9] img_L1=0.1309  floor_median=0.1519  floor_copy=0.1665  pred_spread=0.1114  target_spread=0.2037  latent_R@1=0.0012  latent_R@10=0.0221  latent_chance=0.0003  text_R@1=0.0183  text_R@10=0.1182  text_CE=3.28  text_CE_shuffled_z=3.37  text_ppl=26.48
epoch 10/15 (286s)  train pixel 0.1221  latent 0.3389  text 3.583  text-emb 0.2865
[val e10] img_L1=0.1317  floor_median=0.1519  floor_copy=0.1665  pred_spread=0.1119  target_spread=0.2037  latent_R@1=0.0009  latent_R@10=0.0192  latent_chance=0.0003  text_R@1=0.0227  text_R@10=0.1294  text_CE=3.24  text_CE_shuffled_z=3.35  text_ppl=25.64
epoch 11/15 (315s)  train pixel 0.1211  latent 0.3361  text 3.551  text-emb 0.2832
[val e11] img_L1=0.1318  floor_median=0.1519  floor_copy=0.1665  pred_spread=0.1125  target_spread=0.2037  latent_R@1=0.0012  latent_R@10=0.0203  latent_chance=0.0003  text_R@1=0.0256  text_R@10=0.1391  text_CE=3.22  text_CE_shuffled_z=3.33  text_ppl=25.14
epoch 12/15 (343s)  train pixel 0.1203  latent 0.3338  text 3.525  text-emb 0.2805
[val e12] img_L1=0.1324  floor_median=0.1519  floor_copy=0.1665  pred_spread=0.1171  target_spread=0.2037  latent_R@1=0.0015  latent_R@10=0.0212  latent_chance=0.0003  text_R@1=0.0251  text_R@10=0.1412  text_CE=3.21  text_CE_shuffled_z=3.33  text_ppl=24.82
epoch 13/15 (372s)  train pixel 0.1197  latent 0.3321  text 3.510  text-emb 0.2787
[val e13] img_L1=0.1327  floor_median=0.1519  floor_copy=0.1665  pred_spread=0.1172  target_spread=0.2037  latent_R@1=0.0015  latent_R@10=0.0203  latent_chance=0.0003  text_R@1=0.0265  text_R@10=0.1521  text_CE=3.20  text_CE_shuffled_z=3.32  text_ppl=24.65
epoch 14/15 (402s)  train pixel 0.1193  latent 0.3310  text 3.503  text-emb 0.2774
[val e14] img_L1=0.1326  floor_median=0.1519  floor_copy=0.1665  pred_spread=0.1155  target_spread=0.2037  latent_R@1=0.0015  latent_R@10=0.0206  latent_chance=0.0003  text_R@1=0.0265  text_R@10=0.1503  text_CE=3.20  text_CE_shuffled_z=3.32  text_ppl=24.59
epoch 15/15 (431s)  train pixel 0.1191  latent 0.3305  text 3.498  text-emb 0.2769
[val e15] img_L1=0.1326  floor_median=0.1519  floor_copy=0.1665  pred_spread=0.1154  target_spread=0.2037  latent_R@1=0.0015  latent_R@10=0.0209  latent_chance=0.0003  text_R@1=0.0271  text_R@10=0.1506  text_CE=3.20  text_CE_shuffled_z=3.32  text_ppl=24.58
[TEST] img_L1=0.1329  floor_median=0.1514  floor_copy=0.1697  pred_spread=0.1118  target_spread=0.2044  latent_R@1=0.0037  latent_R@10=0.0340  latent_chance=0.0003  text_R@1=0.0212  text_R@10=0.1617  text_CE=3.23  text_CE_shuffled_z=3.34  text_ppl=25.16
figure: /home/aljiro/dev/dnnls_architecture/v2/out/predictions_minilm_frozen.png
TEST summary: {'img_L1': 0.1329, 'floor_median': 0.1514, 'floor_copy': 0.1697, 'pred_spread': 0.1118, 'target_spread': 0.2044, 'latent_R@1': 0.0037, 'latent_R@10': 0.034, 'latent_chance': 0.0003, 'text_R@1': 0.0212, 'text_R@10': 0.1617, 'text_CE': 3.2254, 'text_CE_shuffled_z': 3.3378, 'text_ppl': 25.1649}
