Warning: You are sending unauthenticated requests to the HF Hub. Please set a HF_TOKEN to enable higher rate limits and faster downloads.
windows: train 13625  val 3393  test 2974  device cuda  text encoder lstm
loaded pretrained autoencoder from /home/aljiro/dev/dnnls_architecture/v2/out/visual_ae.pt
trainable params: 27,744,990
epoch  1/15 (33s)  train pixel 0.1537  latent 0.2727  text 7.283  text-emb 0.4920
[val e1] img_L1=0.1369  floor_median=0.1519  floor_copy=0.1665  pred_spread=0.0795  target_spread=0.2037  latent_R@1=0.0000  latent_R@10=0.0068  latent_chance=0.0003  text_R@1=0.0012  text_R@10=0.0050  text_CE=5.63  text_CE_shuffled_z=5.63  text_ppl=278.36
epoch  2/15 (70s)  train pixel 0.1364  latent 0.1025  text 5.191  text-emb 0.3674
[val e2] img_L1=0.1341  floor_median=0.1519  floor_copy=0.1665  pred_spread=0.0818  target_spread=0.2037  latent_R@1=0.0015  latent_R@10=0.0068  latent_chance=0.0003  text_R@1=0.0009  text_R@10=0.0071  text_CE=4.50  text_CE_shuffled_z=4.51  text_ppl=89.91
epoch  3/15 (107s)  train pixel 0.1352  latent 0.1208  text 4.550  text-emb 0.3471
[val e3] img_L1=0.1343  floor_median=0.1519  floor_copy=0.1665  pred_spread=0.0690  target_spread=0.2037  latent_R@1=0.0012  latent_R@10=0.0130  latent_chance=0.0003  text_R@1=0.0029  text_R@10=0.0183  text_CE=4.03  text_CE_shuffled_z=4.04  text_ppl=56.03
epoch  4/15 (144s)  train pixel 0.1347  latent 0.0885  text 4.238  text-emb 0.3369
[val e4] img_L1=0.1446  floor_median=0.1519  floor_copy=0.1665  pred_spread=0.0415  target_spread=0.2037  latent_R@1=0.0012  latent_R@10=0.0115  latent_chance=0.0003  text_R@1=0.0018  text_R@10=0.0253  text_CE=3.78  text_CE_shuffled_z=3.80  text_ppl=43.66
epoch  5/15 (181s)  train pixel 0.1339  latent 0.0881  text 4.042  text-emb 0.3277
[val e5] img_L1=0.1350  floor_median=0.1519  floor_copy=0.1665  pred_spread=0.0783  target_spread=0.2037  latent_R@1=0.0024  latent_R@10=0.0218  latent_chance=0.0003  text_R@1=0.0053  text_R@10=0.0460  text_CE=3.61  text_CE_shuffled_z=3.64  text_ppl=36.85
epoch  6/15 (218s)  train pixel 0.1319  latent 0.1216  text 3.900  text-emb 0.3204
[val e6] img_L1=0.1317  floor_median=0.1519  floor_copy=0.1665  pred_spread=0.0983  target_spread=0.2037  latent_R@1=0.0038  latent_R@10=0.0315  latent_chance=0.0003  text_R@1=0.0074  text_R@10=0.0528  text_CE=3.49  text_CE_shuffled_z=3.54  text_ppl=32.63
epoch  7/15 (255s)  train pixel 0.1306  latent 0.1418  text 3.792  text-emb 0.3138
[val e7] img_L1=0.1313  floor_median=0.1519  floor_copy=0.1665  pred_spread=0.0878  target_spread=0.2037  latent_R@1=0.0035  latent_R@10=0.0342  latent_chance=0.0003  text_R@1=0.0077  text_R@10=0.0554  text_CE=3.40  text_CE_shuffled_z=3.47  text_ppl=29.98
epoch  8/15 (292s)  train pixel 0.1295  latent 0.1267  text 3.711  text-emb 0.3077
[val e8] img_L1=0.1308  floor_median=0.1519  floor_copy=0.1665  pred_spread=0.0942  target_spread=0.2037  latent_R@1=0.0035  latent_R@10=0.0365  latent_chance=0.0003  text_R@1=0.0106  text_R@10=0.0766  text_CE=3.33  text_CE_shuffled_z=3.42  text_ppl=28.05
epoch  9/15 (329s)  train pixel 0.1283  latent 0.1165  text 3.648  text-emb 0.3016
[val e9] img_L1=0.1310  floor_median=0.1519  floor_copy=0.1665  pred_spread=0.0998  target_spread=0.2037  latent_R@1=0.0035  latent_R@10=0.0407  latent_chance=0.0003  text_R@1=0.0130  text_R@10=0.0822  text_CE=3.29  text_CE_shuffled_z=3.38  text_ppl=26.85
epoch 10/15 (366s)  train pixel 0.1272  latent 0.1069  text 3.597  text-emb 0.2965
[val e10] img_L1=0.1317  floor_median=0.1519  floor_copy=0.1665  pred_spread=0.1063  target_spread=0.2037  latent_R@1=0.0032  latent_R@10=0.0383  latent_chance=0.0003  text_R@1=0.0150  text_R@10=0.0984  text_CE=3.25  text_CE_shuffled_z=3.36  text_ppl=25.91
epoch 11/15 (403s)  train pixel 0.1262  latent 0.1008  text 3.565  text-emb 0.2921
[val e11] img_L1=0.1313  floor_median=0.1519  floor_copy=0.1665  pred_spread=0.0947  target_spread=0.2037  latent_R@1=0.0038  latent_R@10=0.0365  latent_chance=0.0003  text_R@1=0.0165  text_R@10=0.1023  text_CE=3.23  text_CE_shuffled_z=3.34  text_ppl=25.40
epoch 12/15 (440s)  train pixel 0.1255  latent 0.0936  text 3.537  text-emb 0.2885
[val e12] img_L1=0.1315  floor_median=0.1519  floor_copy=0.1665  pred_spread=0.0936  target_spread=0.2037  latent_R@1=0.0035  latent_R@10=0.0365  latent_chance=0.0003  text_R@1=0.0180  text_R@10=0.1061  text_CE=3.22  text_CE_shuffled_z=3.33  text_ppl=25.03
epoch 13/15 (477s)  train pixel 0.1249  latent 0.0909  text 3.522  text-emb 0.2858
[val e13] img_L1=0.1316  floor_median=0.1519  floor_copy=0.1665  pred_spread=0.0972  target_spread=0.2037  latent_R@1=0.0032  latent_R@10=0.0371  latent_chance=0.0003  text_R@1=0.0192  text_R@10=0.1129  text_CE=3.21  text_CE_shuffled_z=3.33  text_ppl=24.84
epoch 14/15 (514s)  train pixel 0.1245  latent 0.0907  text 3.514  text-emb 0.2841
[val e14] img_L1=0.1316  floor_median=0.1519  floor_copy=0.1665  pred_spread=0.0975  target_spread=0.2037  latent_R@1=0.0029  latent_R@10=0.0371  latent_chance=0.0003  text_R@1=0.0203  text_R@10=0.1158  text_CE=3.21  text_CE_shuffled_z=3.32  text_ppl=24.78
epoch 15/15 (551s)  train pixel 0.1244  latent 0.0893  text 3.509  text-emb 0.2833
[val e15] img_L1=0.1316  floor_median=0.1519  floor_copy=0.1665  pred_spread=0.0977  target_spread=0.2037  latent_R@1=0.0029  latent_R@10=0.0368  latent_chance=0.0003  text_R@1=0.0200  text_R@10=0.1152  text_CE=3.21  text_CE_shuffled_z=3.32  text_ppl=24.77
[TEST] img_L1=0.1318  floor_median=0.1514  floor_copy=0.1697  pred_spread=0.0959  target_spread=0.2044  latent_R@1=0.0027  latent_R@10=0.0437  latent_chance=0.0003  text_R@1=0.0185  text_R@10=0.1305  text_CE=3.23  text_CE_shuffled_z=3.34  text_ppl=25.20
figure: /home/aljiro/dev/dnnls_architecture/v2/out/predictions_lstm.png
TEST summary: {'img_L1': 0.1318, 'floor_median': 0.1514, 'floor_copy': 0.1697, 'pred_spread': 0.0959, 'target_spread': 0.2044, 'latent_R@1': 0.0027, 'latent_R@10': 0.0437, 'latent_chance': 0.0003, 'text_R@1': 0.0185, 'text_R@10': 0.1305, 'text_CE': 3.227, 'text_CE_shuffled_z': 3.3413, 'text_ppl': 25.2034}
