Warning: You are sending unauthenticated requests to the HF Hub. Please set a HF_TOKEN to enable higher rate limits and faster downloads.
stage A  windows: train 13625  val 3393  test 2974  device cuda  text encoder minilm
loaded pretrained autoencoder from /home/aljiro/dev/dnnls_architecture/v2/out/visual_ae.pt
trainable params: 23,276,766
epoch  1/15 (27s)  train pixel 0.1312  latent 0.6402  text 7.2535  emb 0.9468
[val e1] img_L1=0.1286  img_L1_near_copy=0.0769  floor_median=0.1519  floor_copy=0.1665  pred_spread=0.1040  latent_cos=0.0289  alpha_on_best_input=0.2628  gate_near_copy=0.9057  gate_cut=0.8996  latent_R@10=0.0430  text_R@10=0.0315  text_CE=5.78  text_CE_shuffled=5.78
epoch  2/15 (58s)  train pixel 0.1297  latent 0.6075  text 5.4395  emb 0.7065
[val e2] img_L1=0.1310  img_L1_near_copy=0.0792  floor_median=0.1519  floor_copy=0.1665  pred_spread=0.1131  latent_cos=0.0104  alpha_on_best_input=0.2659  gate_near_copy=0.9251  gate_cut=0.9182  latent_R@10=0.0413  text_R@10=0.2042  text_CE=4.81  text_CE_shuffled=4.83
epoch  3/15 (90s)  train pixel 0.1292  latent 0.6004  text 4.7603  emb 0.6279
[val e3] img_L1=0.1296  img_L1_near_copy=0.0764  floor_median=0.1519  floor_copy=0.1665  pred_spread=0.0895  latent_cos=0.0434  alpha_on_best_input=0.2675  gate_near_copy=0.9356  gate_cut=0.9117  latent_R@10=0.0463  text_R@10=0.3139  text_CE=4.21  text_CE_shuffled=4.25
epoch  4/15 (121s)  train pixel 0.1284  latent 0.5927  text 4.3742  emb 0.5932
[val e4] img_L1=0.1290  img_L1_near_copy=0.0776  floor_median=0.1519  floor_copy=0.1665  pred_spread=0.0994  latent_cos=0.0175  alpha_on_best_input=0.2722  gate_near_copy=0.9177  gate_cut=0.8910  latent_R@10=0.0548  text_R@10=0.3696  text_CE=3.90  text_CE_shuffled=3.97
epoch  5/15 (152s)  train pixel 0.1274  latent 0.5836  text 4.1371  emb 0.5687
[val e5] img_L1=0.1291  img_L1_near_copy=0.0762  floor_median=0.1519  floor_copy=0.1665  pred_spread=0.1030  latent_cos=0.0123  alpha_on_best_input=0.2705  gate_near_copy=0.9198  gate_cut=0.8992  latent_R@10=0.0495  text_R@10=0.3976  text_CE=3.70  text_CE_shuffled=3.79
epoch  6/15 (184s)  train pixel 0.1263  latent 0.5734  text 3.9694  emb 0.5488
[val e6] img_L1=0.1290  img_L1_near_copy=0.0751  floor_median=0.1519  floor_copy=0.1665  pred_spread=0.1181  latent_cos=0.0340  alpha_on_best_input=0.2811  gate_near_copy=0.9143  gate_cut=0.8758  latent_R@10=0.0578  text_R@10=0.4406  text_CE=3.56  text_CE_shuffled=3.68
epoch  7/15 (215s)  train pixel 0.1249  latent 0.5616  text 3.8438  emb 0.5317
[val e7] img_L1=0.1289  img_L1_near_copy=0.0771  floor_median=0.1519  floor_copy=0.1665  pred_spread=0.1059  latent_cos=0.0399  alpha_on_best_input=0.2796  gate_near_copy=0.9049  gate_cut=0.8689  latent_R@10=0.0566  text_R@10=0.4556  text_CE=3.46  text_CE_shuffled=3.60
epoch  8/15 (246s)  train pixel 0.1233  latent 0.5482  text 3.7510  emb 0.5155
[val e8] img_L1=0.1293  img_L1_near_copy=0.0754  floor_median=0.1519  floor_copy=0.1665  pred_spread=0.1087  latent_cos=0.0214  alpha_on_best_input=0.2726  gate_near_copy=0.9015  gate_cut=0.8663  latent_R@10=0.0613  text_R@10=0.4624  text_CE=3.39  text_CE_shuffled=3.55
epoch  9/15 (278s)  train pixel 0.1215  latent 0.5344  text 3.6773  emb 0.5002
[val e9] img_L1=0.1301  img_L1_near_copy=0.0764  floor_median=0.1519  floor_copy=0.1665  pred_spread=0.1163  latent_cos=0.0161  alpha_on_best_input=0.2726  gate_near_copy=0.8751  gate_cut=0.8253  latent_R@10=0.0628  text_R@10=0.4601  text_CE=3.34  text_CE_shuffled=3.51
epoch 10/15 (309s)  train pixel 0.1197  latent 0.5223  text 3.6208  emb 0.4872
[val e10] img_L1=0.1306  img_L1_near_copy=0.0769  floor_median=0.1519  floor_copy=0.1665  pred_spread=0.1109  latent_cos=0.0145  alpha_on_best_input=0.2706  gate_near_copy=0.8699  gate_cut=0.8074  latent_R@10=0.0666  text_R@10=0.4663  text_CE=3.31  text_CE_shuffled=3.49
epoch 11/15 (340s)  train pixel 0.1179  latent 0.5088  text 3.5803  emb 0.4750
[val e11] img_L1=0.1325  img_L1_near_copy=0.0784  floor_median=0.1519  floor_copy=0.1665  pred_spread=0.1237  latent_cos=0.0138  alpha_on_best_input=0.2713  gate_near_copy=0.8602  gate_cut=0.7972  latent_R@10=0.0684  text_R@10=0.4663  text_CE=3.29  text_CE_shuffled=3.48
epoch 12/15 (372s)  train pixel 0.1161  latent 0.4978  text 3.5489  emb 0.4649
[val e12] img_L1=0.1324  img_L1_near_copy=0.0768  floor_median=0.1519  floor_copy=0.1665  pred_spread=0.1229  latent_cos=0.0130  alpha_on_best_input=0.2774  gate_near_copy=0.8630  gate_cut=0.7933  latent_R@10=0.0707  text_R@10=0.4772  text_CE=3.27  text_CE_shuffled=3.47
epoch 13/15 (403s)  train pixel 0.1146  latent 0.4893  text 3.5293  emb 0.4583
[val e13] img_L1=0.1331  img_L1_near_copy=0.0778  floor_median=0.1519  floor_copy=0.1665  pred_spread=0.1221  latent_cos=0.0091  alpha_on_best_input=0.2714  gate_near_copy=0.8487  gate_cut=0.7741  latent_R@10=0.0663  text_R@10=0.4713  text_CE=3.27  text_CE_shuffled=3.46
epoch 14/15 (435s)  train pixel 0.1137  latent 0.4848  text 3.5192  emb 0.4533
[val e14] img_L1=0.1334  img_L1_near_copy=0.0779  floor_median=0.1519  floor_copy=0.1665  pred_spread=0.1237  latent_cos=0.0112  alpha_on_best_input=0.2740  gate_near_copy=0.8527  gate_cut=0.7777  latent_R@10=0.0684  text_R@10=0.4671  text_CE=3.26  text_CE_shuffled=3.46
epoch 15/15 (466s)  train pixel 0.1133  latent 0.4818  text 3.5132  emb 0.4507
[val e15] img_L1=0.1335  img_L1_near_copy=0.0779  floor_median=0.1519  floor_copy=0.1665  pred_spread=0.1248  latent_cos=0.0099  alpha_on_best_input=0.2740  gate_near_copy=0.8531  gate_cut=0.7783  latent_R@10=0.0693  text_R@10=0.4677  text_CE=3.26  text_CE_shuffled=3.46
[TEST] img_L1=0.1347  img_L1_near_copy=0.0773  floor_median=0.1514  floor_copy=0.1697  pred_spread=0.1236  latent_cos=0.0331  alpha_on_best_input=0.2773  gate_near_copy=0.8510  gate_cut=0.7802  latent_R@10=0.0605  text_R@10=0.4919  text_CE=3.29  text_CE_shuffled=3.48
figure: /home/aljiro/dev/dnnls_architecture/v2/out/predictions_stageA_minilm.png
TEST summary: {'img_L1': 0.1347, 'img_L1_near_copy': 0.0773, 'floor_median': 0.1514, 'floor_copy': 0.1697, 'pred_spread': 0.1236, 'latent_cos': 0.0331, 'alpha_on_best_input': 0.2773, 'gate_near_copy': 0.851, 'gate_cut': 0.7802, 'latent_R@10': 0.0605, 'text_R@10': 0.4919, 'text_CE': 3.2883, 'text_CE_shuffled': 3.4837}
