Warning: You are sending unauthenticated requests to the HF Hub. Please set a HF_TOKEN to enable higher rate limits and faster downloads.
stage C  windows: train 13625  val 3393  test 2974  device cuda  text encoder minilm
loaded pretrained autoencoder from /home/aljiro/dev/dnnls_architecture/v2/out/visual_ae.pt
loaded pretrained language model into the text decoder from /home/aljiro/dev/dnnls_architecture/v2/out/text_lm.pt
trainable params: 24,057,895  (image enc/dec at 0.1x, text LM layers at 0.3x)
epoch  1/15 (128s)  train pixel 0.1344  latent 0.6522  text 3.8535  emb 0.9439  perceptual 0.0944  recon 0.0409  chars 0.5510  setting 0.8248
[val e1] img_L1=0.1317  recon_L1=0.0425  img_L1_near_copy=0.0733  floor_median=0.1519  floor_copy=0.1665  pred_spread=0.1282  latent_cos=0.0328  alpha_on_best_input=0.2648  alpha_argmax_acc_near=0.3097  gate_near_copy=0.9359  gate_cut=0.9282  latent_R@10=0.0875  text_R@10=0.0256  text_CE=2.67  text_CE_shuffled=2.67  perc_model=0.0900  perc_blob=0.0861  perc_copy=0.0982  perc_recon=0.0762  copy_gate_near=0.0640  copy_gate_cut=0.0270  char_F1=0.0933  char_F1_same_as_frame4=0.3820  char_F1_all_seen=0.4059
epoch  2/15 (310s)  train pixel 0.1311  latent 0.6108  text 3.5185  emb 0.7355  perceptual 0.0886  recon 0.0433  chars 0.5007  setting 0.4787
[W913 16:26:21.436365912 CUDACachingAllocator.cpp:3934] memory allocation failed with OOM on device 0 while trying to allocate 773849088 bytes (free: 718471168, total: 8231387136).
[val e2] img_L1=0.1302  recon_L1=0.0430  img_L1_near_copy=0.0750  floor_median=0.1519  floor_copy=0.1665  pred_spread=0.1107  latent_cos=0.0221  alpha_on_best_input=0.2633  alpha_argmax_acc_near=0.3060  gate_near_copy=0.9436  gate_cut=0.9393  latent_R@10=0.0645  text_R@10=0.1309  text_CE=2.62  text_CE_shuffled=2.63  perc_model=0.0877  perc_blob=0.0861  perc_copy=0.0982  perc_recon=0.0767  copy_gate_near=0.0120  copy_gate_cut=0.0042  char_F1=0.1775  char_F1_same_as_frame4=0.3820  char_F1_all_seen=0.4059
epoch  3/15 (492s)  train pixel 0.1300  latent 0.6028  text 3.4094  emb 0.6523  perceptual 0.0866  recon 0.0427  chars 0.4864  setting 0.4051
[W913 16:29:22.266019645 CUDACachingAllocator.cpp:3934] memory allocation failed with OOM on device 0 while trying to allocate 773849088 bytes (free: 718471168, total: 8231387136).
[val e3] img_L1=0.1294  recon_L1=0.0422  img_L1_near_copy=0.0747  floor_median=0.1519  floor_copy=0.1665  pred_spread=0.0962  latent_cos=0.0220  alpha_on_best_input=0.2657  alpha_argmax_acc_near=0.3497  gate_near_copy=0.9522  gate_cut=0.9420  latent_R@10=0.0663  text_R@10=0.2387  text_CE=2.61  text_CE_shuffled=2.63  perc_model=0.0852  perc_blob=0.0861  perc_copy=0.0982  perc_recon=0.0767  copy_gate_near=0.0076  copy_gate_cut=0.0025  char_F1=0.1993  char_F1_same_as_frame4=0.3820  char_F1_all_seen=0.4059
epoch  4/15 (674s)  train pixel 0.1291  latent 0.5964  text 3.3511  emb 0.6157  perceptual 0.0852  recon 0.0421  chars 0.4767  setting 0.3741
[W913 16:32:25.655394595 CUDACachingAllocator.cpp:3934] memory allocation failed with OOM on device 0 while trying to allocate 773849088 bytes (free: 225640448, total: 8231387136).
[W913 16:32:25.745891490 CUDACachingAllocator.cpp:3934] memory allocation failed with OOM on device 0 while trying to allocate 492830720 bytes (free: 437452800, total: 8231387136).
[W913 16:32:25.745988009 CUDACachingAllocator.cpp:3934] memory allocation failed with OOM on device 0 while trying to allocate 492830720 bytes (free: 437452800, total: 8231387136).
[W913 16:32:25.775441999 CUDACachingAllocator.cpp:3934] memory allocation failed with OOM on device 0 while trying to allocate 492830720 bytes (free: 437452800, total: 8231387136).
[W913 16:32:25.775535093 CUDACachingAllocator.cpp:3934] memory allocation failed with OOM on device 0 while trying to allocate 492830720 bytes (free: 437452800, total: 8231387136).
[W913 16:32:25.808689028 CUDACachingAllocator.cpp:3934] memory allocation failed with OOM on device 0 while trying to allocate 492830720 bytes (free: 437452800, total: 8231387136).
[W913 16:32:25.808777814 CUDACachingAllocator.cpp:3934] memory allocation failed with OOM on device 0 while trying to allocate 492830720 bytes (free: 437452800, total: 8231387136).
[W913 16:32:25.809051776 CUDACachingAllocator.cpp:3934] memory allocation failed with OOM on device 0 while trying to allocate 492830720 bytes (free: 437452800, total: 8231387136).
[W913 16:32:25.809120845 CUDACachingAllocator.cpp:3934] memory allocation failed with OOM on device 0 while trying to allocate 492830720 bytes (free: 437452800, total: 8231387136).
[W913 16:32:25.809318643 CUDACachingAllocator.cpp:3934] memory allocation failed with OOM on device 0 while trying to allocate 983564288 bytes (free: 437452800, total: 8231387136).
[W913 16:32:25.809381886 CUDACachingAllocator.cpp:3934] memory allocation failed with OOM on device 0 while trying to allocate 983564288 bytes (free: 437452800, total: 8231387136).
[W913 16:32:25.809555647 CUDACachingAllocator.cpp:3934] memory allocation failed with OOM on device 0 while trying to allocate 983564288 bytes (free: 437452800, total: 8231387136).
[W913 16:32:25.809616906 CUDACachingAllocator.cpp:3934] memory allocation failed with OOM on device 0 while trying to allocate 983564288 bytes (free: 437452800, total: 8231387136).
[W913 16:32:25.809782872 CUDACachingAllocator.cpp:3934] memory allocation failed with OOM on device 0 while trying to allocate 492830720 bytes (free: 437452800, total: 8231387136).
[W913 16:32:25.809844941 CUDACachingAllocator.cpp:3934] memory allocation failed with OOM on device 0 while trying to allocate 492830720 bytes (free: 437452800, total: 8231387136).
[W913 16:32:25.810014799 CUDACachingAllocator.cpp:3934] memory allocation failed with OOM on device 0 while trying to allocate 983564288 bytes (free: 437452800, total: 8231387136).
[W913 16:32:25.810076546 CUDACachingAllocator.cpp:3934] memory allocation failed with OOM on device 0 while trying to allocate 983564288 bytes (free: 437452800, total: 8231387136).
[val e4] img_L1=0.1298  recon_L1=0.0419  img_L1_near_copy=0.0758  floor_median=0.1519  floor_copy=0.1665  pred_spread=0.0892  latent_cos=0.0198  alpha_on_best_input=0.2715  alpha_argmax_acc_near=0.3552  gate_near_copy=0.9393  gate_cut=0.9251  latent_R@10=0.0675  text_R@10=0.2903  text_CE=2.60  text_CE_shuffled=2.63  perc_model=0.0839  perc_blob=0.0861  perc_copy=0.0982  perc_recon=0.0768  copy_gate_near=0.0058  copy_gate_cut=0.0019  char_F1=0.1953  char_F1_same_as_frame4=0.3820  char_F1_all_seen=0.4059
epoch  5/15 (857s)  train pixel 0.1282  latent 0.5889  text 3.3162  emb 0.5903  perceptual 0.0842  recon 0.0418  chars 0.4671  setting 0.3542
[val e5] img_L1=0.1295  recon_L1=0.0420  img_L1_near_copy=0.0755  floor_median=0.1519  floor_copy=0.1665  pred_spread=0.0938  latent_cos=0.0111  alpha_on_best_input=0.2724  alpha_argmax_acc_near=0.3643  gate_near_copy=0.9418  gate_cut=0.9217  latent_R@10=0.0687  text_R@10=0.3266  text_CE=2.60  text_CE_shuffled=2.63  perc_model=0.0835  perc_blob=0.0861  perc_copy=0.0982  perc_recon=0.0770  copy_gate_near=0.0054  copy_gate_cut=0.0017  char_F1=0.2272  char_F1_same_as_frame4=0.3820  char_F1_all_seen=0.4059
epoch  6/15 (1040s)  train pixel 0.1273  latent 0.5816  text 3.2853  emb 0.5713  perceptual 0.0837  recon 0.0416  chars 0.4573  setting 0.3386
[val e6] img_L1=0.1292  recon_L1=0.0414  img_L1_near_copy=0.0742  floor_median=0.1519  floor_copy=0.1665  pred_spread=0.1087  latent_cos=0.0220  alpha_on_best_input=0.2807  alpha_argmax_acc_near=0.3934  gate_near_copy=0.9304  gate_cut=0.8922  latent_R@10=0.0713  text_R@10=0.3602  text_CE=2.60  text_CE_shuffled=2.64  perc_model=0.0838  perc_blob=0.0861  perc_copy=0.0982  perc_recon=0.0770  copy_gate_near=0.0067  copy_gate_cut=0.0021  char_F1=0.2837  char_F1_same_as_frame4=0.3820  char_F1_all_seen=0.4059
epoch  7/15 (1223s)  train pixel 0.1263  latent 0.5735  text 3.2607  emb 0.5552  perceptual 0.0833  recon 0.0414  chars 0.4451  setting 0.3292
[val e7] img_L1=0.1293  recon_L1=0.0412  img_L1_near_copy=0.0756  floor_median=0.1519  floor_copy=0.1665  pred_spread=0.0931  latent_cos=0.0151  alpha_on_best_input=0.2778  alpha_argmax_acc_near=0.3570  gate_near_copy=0.9121  gate_cut=0.8748  latent_R@10=0.0719  text_R@10=0.3761  text_CE=2.60  text_CE_shuffled=2.64  perc_model=0.0827  perc_blob=0.0861  perc_copy=0.0982  perc_recon=0.0768  copy_gate_near=0.0055  copy_gate_cut=0.0017  char_F1=0.2893  char_F1_same_as_frame4=0.3820  char_F1_all_seen=0.4059
epoch  8/15 (1405s)  train pixel 0.1253  latent 0.5643  text 3.2442  emb 0.5421  perceptual 0.0831  recon 0.0412  chars 0.4335  setting 0.3192
[val e8] img_L1=0.1293  recon_L1=0.0411  img_L1_near_copy=0.0745  floor_median=0.1519  floor_copy=0.1665  pred_spread=0.1045  latent_cos=0.0106  alpha_on_best_input=0.2785  alpha_argmax_acc_near=0.3770  gate_near_copy=0.9120  gate_cut=0.8755  latent_R@10=0.0813  text_R@10=0.4011  text_CE=2.60  text_CE_shuffled=2.64  perc_model=0.0831  perc_blob=0.0861  perc_copy=0.0982  perc_recon=0.0767  copy_gate_near=0.0062  copy_gate_cut=0.0019  char_F1=0.2754  char_F1_same_as_frame4=0.3820  char_F1_all_seen=0.4059
epoch  9/15 (1589s)  train pixel 0.1242  latent 0.5551  text 3.2285  emb 0.5304  perceptual 0.0830  recon 0.0412  chars 0.4209  setting 0.3121
[val e9] img_L1=0.1294  recon_L1=0.0410  img_L1_near_copy=0.0740  floor_median=0.1519  floor_copy=0.1665  pred_spread=0.1039  latent_cos=0.0125  alpha_on_best_input=0.2882  alpha_argmax_acc_near=0.3770  gate_near_copy=0.9149  gate_cut=0.8735  latent_R@10=0.0843  text_R@10=0.4044  text_CE=2.59  text_CE_shuffled=2.64  perc_model=0.0831  perc_blob=0.0861  perc_copy=0.0982  perc_recon=0.0767  copy_gate_near=0.0063  copy_gate_cut=0.0021  char_F1=0.2538  char_F1_same_as_frame4=0.3820  char_F1_all_seen=0.4059
epoch 10/15 (1772s)  train pixel 0.1230  latent 0.5482  text 3.2152  emb 0.5209  perceptual 0.0830  recon 0.0410  chars 0.4095  setting 0.3059
[W913 16:50:43.301218951 CUDACachingAllocator.cpp:3934] memory allocation failed with OOM on device 0 while trying to allocate 773849088 bytes (free: 632487936, total: 8231387136).
[val e10] img_L1=0.1296  recon_L1=0.0409  img_L1_near_copy=0.0747  floor_median=0.1519  floor_copy=0.1665  pred_spread=0.1026  latent_cos=0.0121  alpha_on_best_input=0.2828  alpha_argmax_acc_near=0.3698  gate_near_copy=0.8940  gate_cut=0.8360  latent_R@10=0.0849  text_R@10=0.4170  text_CE=2.59  text_CE_shuffled=2.64  perc_model=0.0829  perc_blob=0.0861  perc_copy=0.0982  perc_recon=0.0767  copy_gate_near=0.0063  copy_gate_cut=0.0020  char_F1=0.3059  char_F1_same_as_frame4=0.3820  char_F1_all_seen=0.4059
epoch 11/15 (1955s)  train pixel 0.1221  latent 0.5395  text 3.2092  emb 0.5124  perceptual 0.0830  recon 0.0410  chars 0.3985  setting 0.3001
[W913 16:53:46.887110654 CUDACachingAllocator.cpp:3934] memory allocation failed with OOM on device 0 while trying to allocate 773849088 bytes (free: 626196480, total: 8231387136).
[val e11] img_L1=0.1297  recon_L1=0.0409  img_L1_near_copy=0.0742  floor_median=0.1519  floor_copy=0.1665  pred_spread=0.1080  latent_cos=0.0095  alpha_on_best_input=0.2867  alpha_argmax_acc_near=0.3734  gate_near_copy=0.9028  gate_cut=0.8463  latent_R@10=0.0902  text_R@10=0.4185  text_CE=2.59  text_CE_shuffled=2.64  perc_model=0.0833  perc_blob=0.0861  perc_copy=0.0982  perc_recon=0.0767  copy_gate_near=0.0063  copy_gate_cut=0.0021  char_F1=0.3009  char_F1_same_as_frame4=0.3820  char_F1_all_seen=0.4059
epoch 12/15 (2139s)  train pixel 0.1212  latent 0.5333  text 3.1972  emb 0.5058  perceptual 0.0830  recon 0.0409  chars 0.3900  setting 0.2965
[val e12] img_L1=0.1299  recon_L1=0.0409  img_L1_near_copy=0.0738  floor_median=0.1519  floor_copy=0.1665  pred_spread=0.1095  latent_cos=0.0103  alpha_on_best_input=0.2884  alpha_argmax_acc_near=0.3698  gate_near_copy=0.9015  gate_cut=0.8438  latent_R@10=0.0943  text_R@10=0.4206  text_CE=2.59  text_CE_shuffled=2.64  perc_model=0.0833  perc_blob=0.0861  perc_copy=0.0982  perc_recon=0.0767  copy_gate_near=0.0070  copy_gate_cut=0.0023  char_F1=0.2869  char_F1_same_as_frame4=0.3820  char_F1_all_seen=0.4059
epoch 13/15 (2322s)  train pixel 0.1205  latent 0.5285  text 3.1933  emb 0.5017  perceptual 0.0830  recon 0.0409  chars 0.3834  setting 0.2936
[val e13] img_L1=0.1300  recon_L1=0.0408  img_L1_near_copy=0.0739  floor_median=0.1519  floor_copy=0.1665  pred_spread=0.1089  latent_cos=0.0085  alpha_on_best_input=0.2888  alpha_argmax_acc_near=0.3625  gate_near_copy=0.8909  gate_cut=0.8282  latent_R@10=0.0887  text_R@10=0.4238  text_CE=2.59  text_CE_shuffled=2.65  perc_model=0.0834  perc_blob=0.0861  perc_copy=0.0982  perc_recon=0.0767  copy_gate_near=0.0071  copy_gate_cut=0.0024  char_F1=0.2831  char_F1_same_as_frame4=0.3820  char_F1_all_seen=0.4059
epoch 14/15 (2506s)  train pixel 0.1201  latent 0.5263  text 3.1919  emb 0.4982  perceptual 0.0830  recon 0.0409  chars 0.3788  setting 0.2914
[val e14] img_L1=0.1300  recon_L1=0.0408  img_L1_near_copy=0.0736  floor_median=0.1519  floor_copy=0.1665  pred_spread=0.1089  latent_cos=0.0098  alpha_on_best_input=0.2906  alpha_argmax_acc_near=0.3752  gate_near_copy=0.8953  gate_cut=0.8341  latent_R@10=0.0922  text_R@10=0.4262  text_CE=2.59  text_CE_shuffled=2.64  perc_model=0.0833  perc_blob=0.0861  perc_copy=0.0982  perc_recon=0.0767  copy_gate_near=0.0073  copy_gate_cut=0.0025  char_F1=0.2911  char_F1_same_as_frame4=0.3820  char_F1_all_seen=0.4059
epoch 15/15 (2689s)  train pixel 0.1199  latent 0.5245  text 3.1876  emb 0.4965  perceptual 0.0830  recon 0.0409  chars 0.3769  setting 0.2902
[W913 17:06:00.624574760 CUDACachingAllocator.cpp:3934] memory allocation failed with OOM on device 0 while trying to allocate 773849088 bytes (free: 626196480, total: 8231387136).
[val e15] img_L1=0.1300  recon_L1=0.0408  img_L1_near_copy=0.0736  floor_median=0.1519  floor_copy=0.1665  pred_spread=0.1101  latent_cos=0.0094  alpha_on_best_input=0.2899  alpha_argmax_acc_near=0.3716  gate_near_copy=0.8940  gate_cut=0.8320  latent_R@10=0.0911  text_R@10=0.4253  text_CE=2.59  text_CE_shuffled=2.65  perc_model=0.0834  perc_blob=0.0861  perc_copy=0.0982  perc_recon=0.0767  copy_gate_near=0.0073  copy_gate_cut=0.0024  char_F1=0.2966  char_F1_same_as_frame4=0.3820  char_F1_all_seen=0.4059
[W913 17:06:56.832783658 CUDACachingAllocator.cpp:3934] memory allocation failed with OOM on device 0 while trying to allocate 773849088 bytes (free: 626196480, total: 8231387136).
[TEST last epoch] img_L1=0.1310  recon_L1=0.0410  img_L1_near_copy=0.0739  floor_median=0.1514  floor_copy=0.1697  pred_spread=0.1087  latent_cos=0.0222  alpha_on_best_input=0.2823  alpha_argmax_acc_near=0.3410  gate_near_copy=0.9026  gate_cut=0.8352  latent_R@10=0.0888  text_R@10=0.4358  text_CE=2.75  text_CE_shuffled=2.81  perc_model=0.0833  perc_blob=0.0862  perc_copy=0.0984  perc_recon=0.0765  copy_gate_near=0.0083  copy_gate_cut=0.0025  char_F1=0.2809  char_F1_same_as_frame4=0.3807  char_F1_all_seen=0.4086
[W913 17:07:45.547227185 CUDACachingAllocator.cpp:3934] memory allocation failed with OOM on device 0 while trying to allocate 773849088 bytes (free: 626196480, total: 8231387136).
[TEST best val retrieval (epoch 14)] img_L1=0.1310  recon_L1=0.0410  img_L1_near_copy=0.0739  floor_median=0.1514  floor_copy=0.1697  pred_spread=0.1075  latent_cos=0.0234  alpha_on_best_input=0.2830  alpha_argmax_acc_near=0.3501  gate_near_copy=0.9038  gate_cut=0.8375  latent_R@10=0.0881  text_R@10=0.4364  text_CE=2.75  text_CE_shuffled=2.81  perc_model=0.0833  perc_blob=0.0862  perc_copy=0.0984  perc_recon=0.0765  copy_gate_near=0.0083  copy_gate_cut=0.0025  char_F1=0.2749  char_F1_same_as_frame4=0.3807  char_F1_all_seen=0.4086
figure: /home/aljiro/dev/dnnls_architecture/v2/out/predictions_stageC_minilm_run2.png
TEST summary: {'img_L1': 0.131, 'recon_L1': 0.041, 'img_L1_near_copy': 0.0739, 'floor_median': 0.1514, 'floor_copy': 0.1697, 'pred_spread': 0.1075, 'latent_cos': 0.0234, 'alpha_on_best_input': 0.283, 'alpha_argmax_acc_near': 0.3501, 'gate_near_copy': 0.9038, 'gate_cut': 0.8375, 'latent_R@10': 0.0881, 'text_R@10': 0.4364, 'text_CE': 2.752, 'text_CE_shuffled': 2.8069, 'perc_model': 0.0833, 'perc_blob': 0.0862, 'perc_copy': 0.0984, 'perc_recon': 0.0765, 'copy_gate_near': 0.0083, 'copy_gate_cut': 0.0025, 'char_F1': 0.2749, 'char_F1_same_as_frame4': 0.3807, 'char_F1_all_seen': 0.4086}
