Warning: You are sending unauthenticated requests to the HF Hub. Please set a HF_TOKEN to enable higher rate limits and faster downloads.
windows: train 13625  val 3393  test 2974  device cuda  text encoder minilm
loaded pretrained autoencoder from /home/aljiro/dev/dnnls_architecture/v2/out/visual_ae.pt
trainable params: 22,915,166
epoch  1/15 (27s)  train pixel 0.1462  latent 0.1831  text 7.275
[val e1] img_L1=0.1330  floor_median=0.1519  floor_copy=0.1665  pred_spread=0.0958  target_spread=0.2037  latent_R@1=0.0006  latent_R@10=0.0083  latent_chance=0.0003  text_CE=5.58  text_ppl=265.39
epoch  2/15 (57s)  train pixel 0.1362  latent 0.0834  text 4.799
[val e2] img_L1=0.1338  floor_median=0.1519  floor_copy=0.1665  pred_spread=0.0726  target_spread=0.2037  latent_R@1=0.0006  latent_R@10=0.0083  latent_chance=0.0003  text_CE=4.26  text_ppl=70.46
epoch  3/15 (86s)  train pixel 0.1347  latent 0.1442  text 3.945
[val e3] img_L1=0.1353  floor_median=0.1519  floor_copy=0.1665  pred_spread=0.0613  target_spread=0.2037  latent_R@1=0.0012  latent_R@10=0.0091  latent_chance=0.0003  text_CE=3.79  text_ppl=44.12
epoch  4/15 (115s)  train pixel 0.1358  latent 0.1325  text 3.581
[val e4] img_L1=0.1339  floor_median=0.1519  floor_copy=0.1665  pred_spread=0.0878  target_spread=0.2037  latent_R@1=0.0012  latent_R@10=0.0174  latent_chance=0.0003  text_CE=3.54  text_ppl=34.50
epoch  5/15 (145s)  train pixel 0.1347  latent 0.1102  text 3.359
[val e5] img_L1=0.1331  floor_median=0.1519  floor_copy=0.1665  pred_spread=0.0803  target_spread=0.2037  latent_R@1=0.0012  latent_R@10=0.0165  latent_chance=0.0003  text_CE=3.38  text_ppl=29.46
epoch  6/15 (174s)  train pixel 0.1332  latent 0.1387  text 3.207
[val e6] img_L1=0.1340  floor_median=0.1519  floor_copy=0.1665  pred_spread=0.0662  target_spread=0.2037  latent_R@1=0.0038  latent_R@10=0.0342  latent_chance=0.0003  text_CE=3.28  text_ppl=26.47
epoch  7/15 (203s)  train pixel 0.1316  latent 0.1628  text 3.096
[val e7] img_L1=0.1332  floor_median=0.1519  floor_copy=0.1665  pred_spread=0.0928  target_spread=0.2037  latent_R@1=0.0038  latent_R@10=0.0436  latent_chance=0.0003  text_CE=3.20  text_ppl=24.63
epoch  8/15 (233s)  train pixel 0.1311  latent 0.1871  text 3.015
[val e8] img_L1=0.1311  floor_median=0.1519  floor_copy=0.1665  pred_spread=0.0954  target_spread=0.2037  latent_R@1=0.0059  latent_R@10=0.0587  latent_chance=0.0003  text_CE=3.15  text_ppl=23.35
epoch  9/15 (262s)  train pixel 0.1304  latent 0.1891  text 2.954
[val e9] img_L1=0.1314  floor_median=0.1519  floor_copy=0.1665  pred_spread=0.1176  target_spread=0.2037  latent_R@1=0.0053  latent_R@10=0.0663  latent_chance=0.0003  text_CE=3.11  text_ppl=22.43
epoch 10/15 (291s)  train pixel 0.1297  latent 0.2015  text 2.908
[val e10] img_L1=0.1309  floor_median=0.1519  floor_copy=0.1665  pred_spread=0.1016  target_spread=0.2037  latent_R@1=0.0083  latent_R@10=0.0642  latent_chance=0.0003  text_CE=3.08  text_ppl=21.83
epoch 11/15 (320s)  train pixel 0.1289  latent 0.1965  text 2.874
[val e11] img_L1=0.1299  floor_median=0.1519  floor_copy=0.1665  pred_spread=0.1052  target_spread=0.2037  latent_R@1=0.0074  latent_R@10=0.0701  latent_chance=0.0003  text_CE=3.06  text_ppl=21.42
epoch 12/15 (350s)  train pixel 0.1284  latent 0.1984  text 2.851
[val e12] img_L1=0.1296  floor_median=0.1519  floor_copy=0.1665  pred_spread=0.1074  target_spread=0.2037  latent_R@1=0.0065  latent_R@10=0.0684  latent_chance=0.0003  text_CE=3.05  text_ppl=21.16
epoch 13/15 (379s)  train pixel 0.1278  latent 0.1972  text 2.836
[val e13] img_L1=0.1294  floor_median=0.1519  floor_copy=0.1665  pred_spread=0.0974  target_spread=0.2037  latent_R@1=0.0077  latent_R@10=0.0734  latent_chance=0.0003  text_CE=3.05  text_ppl=21.03
epoch 14/15 (408s)  train pixel 0.1276  latent 0.1935  text 2.828
[val e14] img_L1=0.1294  floor_median=0.1519  floor_copy=0.1665  pred_spread=0.1016  target_spread=0.2037  latent_R@1=0.0077  latent_R@10=0.0722  latent_chance=0.0003  text_CE=3.04  text_ppl=20.99
epoch 15/15 (438s)  train pixel 0.1274  latent 0.1932  text 2.825
[val e15] img_L1=0.1294  floor_median=0.1519  floor_copy=0.1665  pred_spread=0.1016  target_spread=0.2037  latent_R@1=0.0074  latent_R@10=0.0713  latent_chance=0.0003  text_CE=3.04  text_ppl=20.98
[TEST] img_L1=0.1297  floor_median=0.1514  floor_copy=0.1697  pred_spread=0.1003  target_spread=0.2044  latent_R@1=0.0111  latent_R@10=0.0753  latent_chance=0.0003  text_CE=3.06  text_ppl=21.35
figure: /home/aljiro/dev/dnnls_architecture/v2/out/predictions_minilm.png
TEST summary: {'img_L1': 0.1297, 'floor_median': 0.1514, 'floor_copy': 0.1697, 'pred_spread': 0.1003, 'target_spread': 0.2044, 'latent_R@1': 0.0111, 'latent_R@10': 0.0753, 'latent_chance': 0.0003, 'text_CE': 3.0611, 'text_ppl': 21.3503}
