Warning: You are sending unauthenticated requests to the HF Hub. Please set a HF_TOKEN to enable higher rate limits and faster downloads.
windows: train 13625  val 3393  test 2974  device cuda  text encoder minilm
loaded pretrained autoencoder from /home/aljiro/dev/dnnls_architecture/v2/out/visual_ae.pt
trainable params: 23,013,854
epoch  1/15 (27s)  train pixel 0.1480  latent 0.2060  text 7.289  text-emb 0.4819
[val e1] img_L1=0.1331  floor_median=0.1519  floor_copy=0.1665  pred_spread=0.0861  target_spread=0.2037  latent_R@1=0.0012  latent_R@10=0.0085  latent_chance=0.0003  text_R@1=0.0006  text_R@10=0.0041  text_CE=5.69  text_CE_shuffled_z=5.69  text_ppl=295.59
epoch  2/15 (58s)  train pixel 0.1339  latent 0.0339  text 5.240  text-emb 0.3631
[val e2] img_L1=0.1326  floor_median=0.1519  floor_copy=0.1665  pred_spread=0.0818  target_spread=0.2037  latent_R@1=0.0029  latent_R@10=0.0147  latent_chance=0.0003  text_R@1=0.0018  text_R@10=0.0144  text_CE=4.53  text_CE_shuffled_z=4.54  text_ppl=93.12
epoch  3/15 (89s)  train pixel 0.1319  latent 0.0146  text 4.586  text-emb 0.3245
[val e3] img_L1=0.1305  floor_median=0.1519  floor_copy=0.1665  pred_spread=0.0961  target_spread=0.2037  latent_R@1=0.0024  latent_R@10=0.0239  latent_chance=0.0003  text_R@1=0.0133  text_R@10=0.0825  text_CE=4.07  text_CE_shuffled_z=4.08  text_ppl=58.48
epoch  4/15 (120s)  train pixel 0.1314  latent 0.0118  text 4.286  text-emb 0.3025
[val e4] img_L1=0.1339  floor_median=0.1519  floor_copy=0.1665  pred_spread=0.0705  target_spread=0.2037  latent_R@1=0.0027  latent_R@10=0.0245  latent_chance=0.0003  text_R@1=0.0245  text_R@10=0.1450  text_CE=3.83  text_CE_shuffled_z=3.85  text_ppl=45.99
epoch  5/15 (151s)  train pixel 0.1308  latent 0.0112  text 4.101  text-emb 0.2896
[val e5] img_L1=0.1309  floor_median=0.1519  floor_copy=0.1665  pred_spread=0.0935  target_spread=0.2037  latent_R@1=0.0024  latent_R@10=0.0212  latent_chance=0.0003  text_R@1=0.0413  text_R@10=0.2202  text_CE=3.67  text_CE_shuffled_z=3.70  text_ppl=39.12
epoch  6/15 (183s)  train pixel 0.1301  latent 0.0112  text 3.967  text-emb 0.2817
[val e6] img_L1=0.1304  floor_median=0.1519  floor_copy=0.1665  pred_spread=0.1011  target_spread=0.2037  latent_R@1=0.0029  latent_R@10=0.0209  latent_chance=0.0003  text_R@1=0.0433  text_R@10=0.2564  text_CE=3.55  text_CE_shuffled_z=3.59  text_ppl=34.78
epoch  7/15 (214s)  train pixel 0.1295  latent 0.0119  text 3.861  text-emb 0.2754
[val e7] img_L1=0.1308  floor_median=0.1519  floor_copy=0.1665  pred_spread=0.0932  target_spread=0.2037  latent_R@1=0.0018  latent_R@10=0.0206  latent_chance=0.0003  text_R@1=0.0533  text_R@10=0.2968  text_CE=3.46  text_CE_shuffled_z=3.52  text_ppl=31.83
epoch  8/15 (245s)  train pixel 0.1288  latent 0.0131  text 3.780  text-emb 0.2699
[val e8] img_L1=0.1312  floor_median=0.1519  floor_copy=0.1665  pred_spread=0.1088  target_spread=0.2037  latent_R@1=0.0018  latent_R@10=0.0186  latent_chance=0.0003  text_R@1=0.0587  text_R@10=0.3224  text_CE=3.39  text_CE_shuffled_z=3.47  text_ppl=29.74
epoch  9/15 (277s)  train pixel 0.1278  latent 0.0153  text 3.717  text-emb 0.2651
[val e9] img_L1=0.1306  floor_median=0.1519  floor_copy=0.1665  pred_spread=0.0973  target_spread=0.2037  latent_R@1=0.0009  latent_R@10=0.0141  latent_chance=0.0003  text_R@1=0.0587  text_R@10=0.3413  text_CE=3.35  text_CE_shuffled_z=3.43  text_ppl=28.39
epoch 10/15 (308s)  train pixel 0.1269  latent 0.0184  text 3.666  text-emb 0.2605
[val e10] img_L1=0.1313  floor_median=0.1519  floor_copy=0.1665  pred_spread=0.1099  target_spread=0.2037  latent_R@1=0.0003  latent_R@10=0.0112  latent_chance=0.0003  text_R@1=0.0619  text_R@10=0.3655  text_CE=3.31  text_CE_shuffled_z=3.40  text_ppl=27.36
epoch 11/15 (340s)  train pixel 0.1259  latent 0.0221  text 3.630  text-emb 0.2561
[val e11] img_L1=0.1308  floor_median=0.1519  floor_copy=0.1665  pred_spread=0.0980  target_spread=0.2037  latent_R@1=0.0009  latent_R@10=0.0088  latent_chance=0.0003  text_R@1=0.0645  text_R@10=0.3693  text_CE=3.29  text_CE_shuffled_z=3.38  text_ppl=26.72
epoch 12/15 (371s)  train pixel 0.1246  latent 0.0265  text 3.600  text-emb 0.2520
[val e12] img_L1=0.1310  floor_median=0.1519  floor_copy=0.1665  pred_spread=0.0984  target_spread=0.2037  latent_R@1=0.0009  latent_R@10=0.0083  latent_chance=0.0003  text_R@1=0.0640  text_R@10=0.3643  text_CE=3.27  text_CE_shuffled_z=3.37  text_ppl=26.33
epoch 13/15 (403s)  train pixel 0.1237  latent 0.0306  text 3.581  text-emb 0.2488
[val e13] img_L1=0.1316  floor_median=0.1519  floor_copy=0.1665  pred_spread=0.1013  target_spread=0.2037  latent_R@1=0.0006  latent_R@10=0.0071  latent_chance=0.0003  text_R@1=0.0645  text_R@10=0.3716  text_CE=3.26  text_CE_shuffled_z=3.37  text_ppl=26.13
epoch 14/15 (434s)  train pixel 0.1230  latent 0.0334  text 3.571  text-emb 0.2465
[val e14] img_L1=0.1317  floor_median=0.1519  floor_copy=0.1665  pred_spread=0.1035  target_spread=0.2037  latent_R@1=0.0006  latent_R@10=0.0071  latent_chance=0.0003  text_R@1=0.0654  text_R@10=0.3663  text_CE=3.26  text_CE_shuffled_z=3.36  text_ppl=26.06
epoch 15/15 (465s)  train pixel 0.1226  latent 0.0347  text 3.566  text-emb 0.2454
[val e15] img_L1=0.1319  floor_median=0.1519  floor_copy=0.1665  pred_spread=0.1044  target_spread=0.2037  latent_R@1=0.0006  latent_R@10=0.0080  latent_chance=0.0003  text_R@1=0.0648  text_R@10=0.3699  text_CE=3.26  text_CE_shuffled_z=3.36  text_ppl=26.05
[TEST] img_L1=0.1323  floor_median=0.1514  floor_copy=0.1697  pred_spread=0.1012  target_spread=0.2044  latent_R@1=0.0013  latent_R@10=0.0091  latent_chance=0.0003  text_R@1=0.0588  text_R@10=0.3749  text_CE=3.28  text_CE_shuffled_z=3.38  text_ppl=26.64
figure: /home/aljiro/dev/dnnls_architecture/v2/out/predictions_minilm.png
TEST summary: {'img_L1': 0.1323, 'floor_median': 0.1514, 'floor_copy': 0.1697, 'pred_spread': 0.1012, 'target_spread': 0.2044, 'latent_R@1': 0.0013, 'latent_R@10': 0.0091, 'latent_chance': 0.0003, 'text_R@1': 0.0588, 'text_R@10': 0.3749, 'text_CE': 3.2826, 'text_CE_shuffled_z': 3.383, 'text_ppl': 26.6442}
