Warning: You are sending unauthenticated requests to the HF Hub. Please set a HF_TOKEN to enable higher rate limits and faster downloads.
stage C  windows: train 13625  val 3393  test 2974  device cuda  text encoder minilm
loaded pretrained autoencoder from /home/aljiro/dev/dnnls_architecture/v2/out/visual_ae.pt
loaded pretrained language model into the text decoder from /home/aljiro/dev/dnnls_architecture/v2/out/text_lm.pt
trainable params: 24,057,895  (image enc/dec at 0.1x, text LM layers at 0.3x)
epoch  1/15 (46s)  train pixel 0.1344  latent 0.6487  text 3.8673  emb 0.9400  recon 0.0405  chars 0.5581  setting 0.8269
[val e1] img_L1=0.1323  recon_L1=0.0414  img_L1_near_copy=0.0734  floor_median=0.1519  floor_copy=0.1665  pred_spread=0.1281  latent_cos=0.0374  alpha_on_best_input=0.2640  alpha_argmax_acc_near=0.3115  gate_near_copy=0.9351  gate_cut=0.9274  latent_R@10=0.0881  text_R@10=0.0265  text_CE=2.67  text_CE_shuffled=2.68  copy_gate_near=0.2633  copy_gate_cut=0.1657  char_F1=0.0452  char_F1_same_as_frame4=0.3820  char_F1_all_seen=0.4059
epoch  2/15 (98s)  train pixel 0.1319  latent 0.6110  text 3.5210  emb 0.7321  recon 0.0422  chars 0.5009  setting 0.4766
[val e2] img_L1=0.1315  recon_L1=0.0422  img_L1_near_copy=0.0741  floor_median=0.1519  floor_copy=0.1665  pred_spread=0.1218  latent_cos=0.0216  alpha_on_best_input=0.2636  alpha_argmax_acc_near=0.3169  gate_near_copy=0.9434  gate_cut=0.9385  latent_R@10=0.0628  text_R@10=0.1421  text_CE=2.62  text_CE_shuffled=2.64  copy_gate_near=0.4483  copy_gate_cut=0.2692  char_F1=0.1674  char_F1_same_as_frame4=0.3820  char_F1_all_seen=0.4059
epoch  3/15 (150s)  train pixel 0.1307  latent 0.6030  text 3.4117  emb 0.6497  recon 0.0419  chars 0.4858  setting 0.4022
[val e3] img_L1=0.1297  recon_L1=0.0416  img_L1_near_copy=0.0735  floor_median=0.1519  floor_copy=0.1665  pred_spread=0.1013  latent_cos=0.0226  alpha_on_best_input=0.2663  alpha_argmax_acc_near=0.3352  gate_near_copy=0.9464  gate_cut=0.9343  latent_R@10=0.0634  text_R@10=0.2373  text_CE=2.61  text_CE_shuffled=2.63  copy_gate_near=0.3766  copy_gate_cut=0.2122  char_F1=0.1913  char_F1_same_as_frame4=0.3820  char_F1_all_seen=0.4059
epoch  4/15 (201s)  train pixel 0.1295  latent 0.5964  text 3.3531  emb 0.6147  recon 0.0414  chars 0.4765  setting 0.3720
[val e4] img_L1=0.1295  recon_L1=0.0413  img_L1_near_copy=0.0729  floor_median=0.1519  floor_copy=0.1665  pred_spread=0.1012  latent_cos=0.0196  alpha_on_best_input=0.2704  alpha_argmax_acc_near=0.3552  gate_near_copy=0.9407  gate_cut=0.9268  latent_R@10=0.0684  text_R@10=0.2971  text_CE=2.61  text_CE_shuffled=2.63  copy_gate_near=0.3715  copy_gate_cut=0.2229  char_F1=0.2143  char_F1_same_as_frame4=0.3820  char_F1_all_seen=0.4059
epoch  5/15 (253s)  train pixel 0.1284  latent 0.5892  text 3.3180  emb 0.5892  recon 0.0411  chars 0.4670  setting 0.3530
[val e5] img_L1=0.1294  recon_L1=0.0412  img_L1_near_copy=0.0730  floor_median=0.1519  floor_copy=0.1665  pred_spread=0.1078  latent_cos=0.0125  alpha_on_best_input=0.2704  alpha_argmax_acc_near=0.3825  gate_near_copy=0.9443  gate_cut=0.9273  latent_R@10=0.0698  text_R@10=0.3404  text_CE=2.60  text_CE_shuffled=2.63  copy_gate_near=0.3949  copy_gate_cut=0.2477  char_F1=0.2339  char_F1_same_as_frame4=0.3820  char_F1_all_seen=0.4059
epoch  6/15 (305s)  train pixel 0.1273  latent 0.5818  text 3.2871  emb 0.5699  recon 0.0410  chars 0.4570  setting 0.3379
[val e6] img_L1=0.1295  recon_L1=0.0408  img_L1_near_copy=0.0720  floor_median=0.1519  floor_copy=0.1665  pred_spread=0.1161  latent_cos=0.0220  alpha_on_best_input=0.2788  alpha_argmax_acc_near=0.3825  gate_near_copy=0.9276  gate_cut=0.8830  latent_R@10=0.0731  text_R@10=0.3719  text_CE=2.60  text_CE_shuffled=2.64  copy_gate_near=0.3886  copy_gate_cut=0.2324  char_F1=0.2948  char_F1_same_as_frame4=0.3820  char_F1_all_seen=0.4059
epoch  7/15 (356s)  train pixel 0.1263  latent 0.5737  text 3.2624  emb 0.5536  recon 0.0408  chars 0.4455  setting 0.3285
[val e7] img_L1=0.1290  recon_L1=0.0408  img_L1_near_copy=0.0729  floor_median=0.1519  floor_copy=0.1665  pred_spread=0.1051  latent_cos=0.0146  alpha_on_best_input=0.2777  alpha_argmax_acc_near=0.3679  gate_near_copy=0.9092  gate_cut=0.8743  latent_R@10=0.0769  text_R@10=0.3999  text_CE=2.60  text_CE_shuffled=2.64  copy_gate_near=0.3206  copy_gate_cut=0.1866  char_F1=0.2889  char_F1_same_as_frame4=0.3820  char_F1_all_seen=0.4059
epoch  8/15 (408s)  train pixel 0.1252  latent 0.5645  text 3.2456  emb 0.5408  recon 0.0407  chars 0.4335  setting 0.3193
[val e8] img_L1=0.1293  recon_L1=0.0405  img_L1_near_copy=0.0725  floor_median=0.1519  floor_copy=0.1665  pred_spread=0.1118  latent_cos=0.0101  alpha_on_best_input=0.2786  alpha_argmax_acc_near=0.3661  gate_near_copy=0.9102  gate_cut=0.8692  latent_R@10=0.0828  text_R@10=0.4156  text_CE=2.60  text_CE_shuffled=2.64  copy_gate_near=0.3256  copy_gate_cut=0.1856  char_F1=0.2835  char_F1_same_as_frame4=0.3820  char_F1_all_seen=0.4059
epoch  9/15 (460s)  train pixel 0.1238  latent 0.5552  text 3.2298  emb 0.5288  recon 0.0406  chars 0.4215  setting 0.3120
[val e9] img_L1=0.1293  recon_L1=0.0405  img_L1_near_copy=0.0717  floor_median=0.1519  floor_copy=0.1665  pred_spread=0.1132  latent_cos=0.0101  alpha_on_best_input=0.2880  alpha_argmax_acc_near=0.3607  gate_near_copy=0.9162  gate_cut=0.8737  latent_R@10=0.0831  text_R@10=0.4103  text_CE=2.59  text_CE_shuffled=2.64  copy_gate_near=0.3443  copy_gate_cut=0.2079  char_F1=0.2547  char_F1_same_as_frame4=0.3820  char_F1_all_seen=0.4059
epoch 10/15 (511s)  train pixel 0.1227  latent 0.5485  text 3.2167  emb 0.5195  recon 0.0405  chars 0.4100  setting 0.3058
[val e10] img_L1=0.1297  recon_L1=0.0404  img_L1_near_copy=0.0726  floor_median=0.1519  floor_copy=0.1665  pred_spread=0.1133  latent_cos=0.0071  alpha_on_best_input=0.2832  alpha_argmax_acc_near=0.3479  gate_near_copy=0.8931  gate_cut=0.8357  latent_R@10=0.0810  text_R@10=0.4291  text_CE=2.59  text_CE_shuffled=2.64  copy_gate_near=0.2797  copy_gate_cut=0.1547  char_F1=0.3053  char_F1_same_as_frame4=0.3820  char_F1_all_seen=0.4059
epoch 11/15 (563s)  train pixel 0.1217  latent 0.5396  text 3.2106  emb 0.5107  recon 0.0404  chars 0.3990  setting 0.3001
[val e11] img_L1=0.1302  recon_L1=0.0404  img_L1_near_copy=0.0722  floor_median=0.1519  floor_copy=0.1665  pred_spread=0.1186  latent_cos=0.0084  alpha_on_best_input=0.2832  alpha_argmax_acc_near=0.3734  gate_near_copy=0.8924  gate_cut=0.8337  latent_R@10=0.0887  text_R@10=0.4247  text_CE=2.59  text_CE_shuffled=2.64  copy_gate_near=0.3123  copy_gate_cut=0.1867  char_F1=0.3008  char_F1_same_as_frame4=0.3820  char_F1_all_seen=0.4059
epoch 12/15 (614s)  train pixel 0.1208  latent 0.5332  text 3.1985  emb 0.5040  recon 0.0404  chars 0.3907  setting 0.2967
[val e12] img_L1=0.1302  recon_L1=0.0404  img_L1_near_copy=0.0721  floor_median=0.1519  floor_copy=0.1665  pred_spread=0.1181  latent_cos=0.0105  alpha_on_best_input=0.2881  alpha_argmax_acc_near=0.3716  gate_near_copy=0.9035  gate_cut=0.8440  latent_R@10=0.0872  text_R@10=0.4344  text_CE=2.59  text_CE_shuffled=2.64  copy_gate_near=0.3126  copy_gate_cut=0.1856  char_F1=0.2943  char_F1_same_as_frame4=0.3820  char_F1_all_seen=0.4059
epoch 13/15 (666s)  train pixel 0.1202  latent 0.5284  text 3.1944  emb 0.4996  recon 0.0403  chars 0.3842  setting 0.2938
[val e13] img_L1=0.1302  recon_L1=0.0404  img_L1_near_copy=0.0724  floor_median=0.1519  floor_copy=0.1665  pred_spread=0.1161  latent_cos=0.0082  alpha_on_best_input=0.2876  alpha_argmax_acc_near=0.3716  gate_near_copy=0.8916  gate_cut=0.8294  latent_R@10=0.0890  text_R@10=0.4406  text_CE=2.59  text_CE_shuffled=2.65  copy_gate_near=0.2710  copy_gate_cut=0.1529  char_F1=0.2862  char_F1_same_as_frame4=0.3820  char_F1_all_seen=0.4059
epoch 14/15 (717s)  train pixel 0.1197  latent 0.5263  text 3.1927  emb 0.4963  recon 0.0403  chars 0.3797  setting 0.2915
[val e14] img_L1=0.1303  recon_L1=0.0403  img_L1_near_copy=0.0722  floor_median=0.1519  floor_copy=0.1665  pred_spread=0.1173  latent_cos=0.0094  alpha_on_best_input=0.2890  alpha_argmax_acc_near=0.3789  gate_near_copy=0.8942  gate_cut=0.8318  latent_R@10=0.0902  text_R@10=0.4400  text_CE=2.59  text_CE_shuffled=2.65  copy_gate_near=0.2817  copy_gate_cut=0.1619  char_F1=0.2888  char_F1_same_as_frame4=0.3820  char_F1_all_seen=0.4059
epoch 15/15 (769s)  train pixel 0.1195  latent 0.5245  text 3.1888  emb 0.4945  recon 0.0403  chars 0.3778  setting 0.2905
[val e15] img_L1=0.1304  recon_L1=0.0403  img_L1_near_copy=0.0723  floor_median=0.1519  floor_copy=0.1665  pred_spread=0.1176  latent_cos=0.0091  alpha_on_best_input=0.2885  alpha_argmax_acc_near=0.3807  gate_near_copy=0.8931  gate_cut=0.8302  latent_R@10=0.0887  text_R@10=0.4412  text_CE=2.59  text_CE_shuffled=2.65  copy_gate_near=0.2798  copy_gate_cut=0.1603  char_F1=0.2934  char_F1_same_as_frame4=0.3820  char_F1_all_seen=0.4059
[TEST last epoch] img_L1=0.1322  recon_L1=0.0406  img_L1_near_copy=0.0712  floor_median=0.1514  floor_copy=0.1697  pred_spread=0.1161  latent_cos=0.0205  alpha_on_best_input=0.2826  alpha_argmax_acc_near=0.3616  gate_near_copy=0.9010  gate_cut=0.8308  latent_R@10=0.0861  text_R@10=0.4533  text_CE=2.75  text_CE_shuffled=2.81  copy_gate_near=0.2772  copy_gate_cut=0.1603  char_F1=0.2838  char_F1_same_as_frame4=0.3807  char_F1_all_seen=0.4086
[TEST best val retrieval (epoch 14)] img_L1=0.1321  recon_L1=0.0406  img_L1_near_copy=0.0711  floor_median=0.1514  floor_copy=0.1697  pred_spread=0.1159  latent_cos=0.0213  alpha_on_best_input=0.2830  alpha_argmax_acc_near=0.3570  gate_near_copy=0.9021  gate_cut=0.8325  latent_R@10=0.0871  text_R@10=0.4499  text_CE=2.75  text_CE_shuffled=2.81  copy_gate_near=0.2791  copy_gate_cut=0.1619  char_F1=0.2793  char_F1_same_as_frame4=0.3807  char_F1_all_seen=0.4086
figure: /home/aljiro/dev/dnnls_architecture/v2/out/predictions_stageC_minilm_run1.png
TEST summary: {'img_L1': 0.1321, 'recon_L1': 0.0406, 'img_L1_near_copy': 0.0711, 'floor_median': 0.1514, 'floor_copy': 0.1697, 'pred_spread': 0.1159, 'latent_cos': 0.0213, 'alpha_on_best_input': 0.283, 'alpha_argmax_acc_near': 0.357, 'gate_near_copy': 0.9021, 'gate_cut': 0.8325, 'latent_R@10': 0.0871, 'text_R@10': 0.4499, 'text_CE': 2.7524, 'text_CE_shuffled': 2.8072, 'copy_gate_near': 0.2791, 'copy_gate_cut': 0.1619, 'char_F1': 0.2793, 'char_F1_same_as_frame4': 0.3807, 'char_F1_all_seen': 0.4086}
