Warning: You are sending unauthenticated requests to the HF Hub. Please set a HF_TOKEN to enable higher rate limits and faster downloads.
stage C  windows: train 13625  val 3393  test 2974  device cuda  text encoder minilm
loaded pretrained autoencoder from /home/aljiro/dev/dnnls_architecture/v2/out/visual_ae.pt
trainable params: 24,627,302
epoch  1/15 (42s)  train pixel 0.1309  latent 0.6411  text 7.1760  emb 0.9496  chars 0.5470  setting 0.8065
[val e1] img_L1=0.1291  img_L1_near_copy=0.0768  floor_median=0.1519  floor_copy=0.1665  pred_spread=0.1043  latent_cos=0.0202  alpha_on_best_input=0.2675  gate_near_copy=0.9379  gate_cut=0.9334  latent_R@10=0.0327  text_R@10=0.0307  text_CE=5.81  text_CE_shuffled=5.81  char_F1=0.0973  char_F1_same_as_frame4=0.3820  char_F1_all_seen=0.4059
epoch  2/15 (88s)  train pixel 0.1298  latent 0.6101  text 5.4428  emb 0.7227  chars 0.5005  setting 0.4583
[val e2] img_L1=0.1315  img_L1_near_copy=0.0794  floor_median=0.1519  floor_copy=0.1665  pred_spread=0.1227  latent_cos=0.0164  alpha_on_best_input=0.2654  gate_near_copy=0.9438  gate_cut=0.9467  latent_R@10=0.0371  text_R@10=0.1485  text_CE=4.81  text_CE_shuffled=4.83  char_F1=0.1659  char_F1_same_as_frame4=0.3820  char_F1_all_seen=0.4059
epoch  3/15 (135s)  train pixel 0.1293  latent 0.6026  text 4.7675  emb 0.6481  chars 0.4865  setting 0.3959
[val e3] img_L1=0.1292  img_L1_near_copy=0.0768  floor_median=0.1519  floor_copy=0.1665  pred_spread=0.0911  latent_cos=0.0445  alpha_on_best_input=0.2688  gate_near_copy=0.9556  gate_cut=0.9485  latent_R@10=0.0433  text_R@10=0.2508  text_CE=4.23  text_CE_shuffled=4.27  char_F1=0.1924  char_F1_same_as_frame4=0.3820  char_F1_all_seen=0.4059
epoch  4/15 (181s)  train pixel 0.1287  latent 0.5941  text 4.3852  emb 0.6120  chars 0.4772  setting 0.3666
[val e4] img_L1=0.1290  img_L1_near_copy=0.0773  floor_median=0.1519  floor_copy=0.1665  pred_spread=0.0975  latent_cos=0.0191  alpha_on_best_input=0.2744  gate_near_copy=0.9465  gate_cut=0.9374  latent_R@10=0.0525  text_R@10=0.2947  text_CE=3.91  text_CE_shuffled=3.98  char_F1=0.2026  char_F1_same_as_frame4=0.3820  char_F1_all_seen=0.4059
epoch  5/15 (228s)  train pixel 0.1276  latent 0.5856  text 4.1468  emb 0.5870  chars 0.4672  setting 0.3478
[val e5] img_L1=0.1294  img_L1_near_copy=0.0773  floor_median=0.1519  floor_copy=0.1665  pred_spread=0.1027  latent_cos=0.0177  alpha_on_best_input=0.2706  gate_near_copy=0.9502  gate_cut=0.9391  latent_R@10=0.0504  text_R@10=0.3431  text_CE=3.71  text_CE_shuffled=3.79  char_F1=0.2418  char_F1_same_as_frame4=0.3820  char_F1_all_seen=0.4059
epoch  6/15 (275s)  train pixel 0.1265  latent 0.5760  text 3.9793  emb 0.5670  chars 0.4561  setting 0.3330
[val e6] img_L1=0.1291  img_L1_near_copy=0.0752  floor_median=0.1519  floor_copy=0.1665  pred_spread=0.1196  latent_cos=0.0291  alpha_on_best_input=0.2784  gate_near_copy=0.9429  gate_cut=0.9223  latent_R@10=0.0557  text_R@10=0.3772  text_CE=3.57  text_CE_shuffled=3.69  char_F1=0.2744  char_F1_same_as_frame4=0.3820  char_F1_all_seen=0.4059
epoch  7/15 (321s)  train pixel 0.1251  latent 0.5653  text 3.8529  emb 0.5494  chars 0.4407  setting 0.3226
[val e7] img_L1=0.1290  img_L1_near_copy=0.0775  floor_median=0.1519  floor_copy=0.1665  pred_spread=0.1034  latent_cos=0.0364  alpha_on_best_input=0.2774  gate_near_copy=0.9308  gate_cut=0.9110  latent_R@10=0.0610  text_R@10=0.3929  text_CE=3.47  text_CE_shuffled=3.61  char_F1=0.2813  char_F1_same_as_frame4=0.3820  char_F1_all_seen=0.4059
epoch  8/15 (368s)  train pixel 0.1236  latent 0.5537  text 3.7611  emb 0.5346  chars 0.4237  setting 0.3124
[val e8] img_L1=0.1292  img_L1_near_copy=0.0745  floor_median=0.1519  floor_copy=0.1665  pred_spread=0.1115  latent_cos=0.0183  alpha_on_best_input=0.2747  gate_near_copy=0.9269  gate_cut=0.9088  latent_R@10=0.0660  text_R@10=0.4055  text_CE=3.40  text_CE_shuffled=3.55  char_F1=0.2698  char_F1_same_as_frame4=0.3820  char_F1_all_seen=0.4059
epoch  9/15 (414s)  train pixel 0.1220  latent 0.5420  text 3.6893  emb 0.5202  chars 0.4045  setting 0.3040
[val e9] img_L1=0.1302  img_L1_near_copy=0.0744  floor_median=0.1519  floor_copy=0.1665  pred_spread=0.1216  latent_cos=0.0142  alpha_on_best_input=0.2781  gate_near_copy=0.9266  gate_cut=0.9003  latent_R@10=0.0707  text_R@10=0.4050  text_CE=3.36  text_CE_shuffled=3.52  char_F1=0.2517  char_F1_same_as_frame4=0.3820  char_F1_all_seen=0.4059
epoch 10/15 (461s)  train pixel 0.1205  latent 0.5336  text 3.6342  emb 0.5082  chars 0.3845  setting 0.2966
[val e10] img_L1=0.1296  img_L1_near_copy=0.0749  floor_median=0.1519  floor_copy=0.1665  pred_spread=0.1073  latent_cos=0.0133  alpha_on_best_input=0.2859  gate_near_copy=0.9163  gate_cut=0.8844  latent_R@10=0.0740  text_R@10=0.4218  text_CE=3.32  text_CE_shuffled=3.50  char_F1=0.2979  char_F1_same_as_frame4=0.3820  char_F1_all_seen=0.4059
epoch 11/15 (508s)  train pixel 0.1190  latent 0.5230  text 3.5956  emb 0.4968  chars 0.3643  setting 0.2897
[val e11] img_L1=0.1318  img_L1_near_copy=0.0762  floor_median=0.1519  floor_copy=0.1665  pred_spread=0.1256  latent_cos=0.0070  alpha_on_best_input=0.2851  gate_near_copy=0.9171  gate_cut=0.8879  latent_R@10=0.0763  text_R@10=0.4218  text_CE=3.30  text_CE_shuffled=3.48  char_F1=0.2880  char_F1_same_as_frame4=0.3820  char_F1_all_seen=0.4059
epoch 12/15 (555s)  train pixel 0.1176  latent 0.5153  text 3.5640  emb 0.4878  chars 0.3467  setting 0.2854
[val e12] img_L1=0.1310  img_L1_near_copy=0.0740  floor_median=0.1519  floor_copy=0.1665  pred_spread=0.1252  latent_cos=0.0103  alpha_on_best_input=0.2861  gate_near_copy=0.9208  gate_cut=0.8907  latent_R@10=0.0799  text_R@10=0.4218  text_CE=3.28  text_CE_shuffled=3.47  char_F1=0.2972  char_F1_same_as_frame4=0.3820  char_F1_all_seen=0.4059
epoch 13/15 (601s)  train pixel 0.1166  latent 0.5098  text 3.5454  emb 0.4817  chars 0.3329  setting 0.2819
[val e13] img_L1=0.1312  img_L1_near_copy=0.0747  floor_median=0.1519  floor_copy=0.1665  pred_spread=0.1242  latent_cos=0.0080  alpha_on_best_input=0.2846  gate_near_copy=0.9111  gate_cut=0.8783  latent_R@10=0.0802  text_R@10=0.4215  text_CE=3.28  text_CE_shuffled=3.47  char_F1=0.2856  char_F1_same_as_frame4=0.3820  char_F1_all_seen=0.4059
epoch 14/15 (648s)  train pixel 0.1159  latent 0.5069  text 3.5351  emb 0.4773  chars 0.3241  setting 0.2792
[val e14] img_L1=0.1317  img_L1_near_copy=0.0747  floor_median=0.1519  floor_copy=0.1665  pred_spread=0.1271  latent_cos=0.0084  alpha_on_best_input=0.2848  gate_near_copy=0.9111  gate_cut=0.8769  latent_R@10=0.0808  text_R@10=0.4229  text_CE=3.28  text_CE_shuffled=3.46  char_F1=0.2961  char_F1_same_as_frame4=0.3820  char_F1_all_seen=0.4059
epoch 15/15 (695s)  train pixel 0.1156  latent 0.5049  text 3.5303  emb 0.4751  chars 0.3201  setting 0.2779
[val e15] img_L1=0.1317  img_L1_near_copy=0.0746  floor_median=0.1519  floor_copy=0.1665  pred_spread=0.1273  latent_cos=0.0083  alpha_on_best_input=0.2846  gate_near_copy=0.9118  gate_cut=0.8778  latent_R@10=0.0799  text_R@10=0.4244  text_CE=3.27  text_CE_shuffled=3.46  char_F1=0.2965  char_F1_same_as_frame4=0.3820  char_F1_all_seen=0.4059
[TEST] img_L1=0.1328  img_L1_near_copy=0.0749  floor_median=0.1514  floor_copy=0.1697  pred_spread=0.1234  latent_cos=0.0275  alpha_on_best_input=0.2833  gate_near_copy=0.9187  gate_cut=0.8816  latent_R@10=0.0757  text_R@10=0.4348  text_CE=3.30  text_CE_shuffled=3.48  char_F1=0.2896  char_F1_same_as_frame4=0.3807  char_F1_all_seen=0.4086
figure: /home/aljiro/dev/dnnls_architecture/v2/out/predictions_stageC_minilm.png
TEST summary: {'img_L1': 0.1328, 'img_L1_near_copy': 0.0749, 'floor_median': 0.1514, 'floor_copy': 0.1697, 'pred_spread': 0.1234, 'latent_cos': 0.0275, 'alpha_on_best_input': 0.2833, 'gate_near_copy': 0.9187, 'gate_cut': 0.8816, 'latent_R@10': 0.0757, 'text_R@10': 0.4348, 'text_CE': 3.2961, 'text_CE_shuffled': 3.483, 'char_F1': 0.2896, 'char_F1_same_as_frame4': 0.3807, 'char_F1_all_seen': 0.4086}
