Warning: You are sending unauthenticated requests to the HF Hub. Please set a HF_TOKEN to enable higher rate limits and faster downloads.
stage A  windows: train 13625  val 3393  test 2974  device cuda  text encoder minilm
loaded pretrained autoencoder from /home/aljiro/dev/dnnls_architecture/v2/out/visual_ae.pt
trainable params: 23,276,766
epoch  1/15 (28s)  train pixel 0.1338  latent 0.7015  text 7.2628  emb 0.9685  attn 1.2955  gate 0.2906
[val e1] img_L1=0.1302  img_L1_near_copy=0.0777  floor_median=0.1519  floor_copy=0.1665  pred_spread=0.0951  latent_cos=0.0787  alpha_on_best_input=0.3138  alpha_argmax_acc_near=0.4244  gate_near_copy=0.7380  gate_cut=0.5175  latent_R@10=0.0324  text_R@10=0.0065  text_CE=5.83  text_CE_shuffled=5.83
epoch  2/15 (59s)  train pixel 0.1316  latent 0.6498  text 5.5657  emb 0.8466  attn 1.2069  gate 0.2540
[val e2] img_L1=0.1301  img_L1_near_copy=0.0776  floor_median=0.1519  floor_copy=0.1665  pred_spread=0.0971  latent_cos=0.0593  alpha_on_best_input=0.3094  alpha_argmax_acc_near=0.4882  gate_near_copy=0.6031  gate_cut=0.3343  latent_R@10=0.0289  text_R@10=0.0239  text_CE=5.04  text_CE_shuffled=5.04
epoch  3/15 (91s)  train pixel 0.1307  latent 0.6278  text 4.9443  emb 0.7447  attn 1.1481  gate 0.2460
[val e3] img_L1=0.1307  img_L1_near_copy=0.0771  floor_median=0.1519  floor_copy=0.1665  pred_spread=0.0841  latent_cos=0.0334  alpha_on_best_input=0.3172  alpha_argmax_acc_near=0.5137  gate_near_copy=0.6716  gate_cut=0.3945  latent_R@10=0.0368  text_R@10=0.0651  text_CE=4.42  text_CE_shuffled=4.43
epoch  4/15 (122s)  train pixel 0.1299  latent 0.6165  text 4.5611  emb 0.6962  attn 1.0884  gate 0.2417
[val e4] img_L1=0.1296  img_L1_near_copy=0.0764  floor_median=0.1519  floor_copy=0.1665  pred_spread=0.1021  latent_cos=0.0266  alpha_on_best_input=0.3223  alpha_argmax_acc_near=0.4845  gate_near_copy=0.6063  gate_cut=0.3334  latent_R@10=0.0404  text_R@10=0.0970  text_CE=4.10  text_CE_shuffled=4.13
epoch  5/15 (154s)  train pixel 0.1293  latent 0.6101  text 4.3387  emb 0.6729  attn 1.0049  gate 0.2357
[val e5] img_L1=0.1295  img_L1_near_copy=0.0755  floor_median=0.1519  floor_copy=0.1665  pred_spread=0.0986  latent_cos=0.0341  alpha_on_best_input=0.3470  alpha_argmax_acc_near=0.4973  gate_near_copy=0.6705  gate_cut=0.3876  latent_R@10=0.0445  text_R@10=0.1462  text_CE=3.92  text_CE_shuffled=3.96
epoch  6/15 (186s)  train pixel 0.1285  latent 0.6043  text 4.1966  emb 0.6608  attn 0.8850  gate 0.2341
[val e6] img_L1=0.1297  img_L1_near_copy=0.0754  floor_median=0.1519  floor_copy=0.1665  pred_spread=0.1078  latent_cos=0.0395  alpha_on_best_input=0.3515  alpha_argmax_acc_near=0.4991  gate_near_copy=0.6305  gate_cut=0.3443  latent_R@10=0.0557  text_R@10=0.1574  text_CE=3.80  text_CE_shuffled=3.86
epoch  7/15 (217s)  train pixel 0.1278  latent 0.5977  text 4.0914  emb 0.6512  attn 0.7313  gate 0.2296
[val e7] img_L1=0.1305  img_L1_near_copy=0.0763  floor_median=0.1519  floor_copy=0.1665  pred_spread=0.0857  latent_cos=0.0404  alpha_on_best_input=0.3587  alpha_argmax_acc_near=0.4845  gate_near_copy=0.6143  gate_cut=0.3235  latent_R@10=0.0563  text_R@10=0.1692  text_CE=3.70  text_CE_shuffled=3.77
epoch  8/15 (249s)  train pixel 0.1270  latent 0.5914  text 4.0162  emb 0.6433  attn 0.5803  gate 0.2267
[val e8] img_L1=0.1304  img_L1_near_copy=0.0750  floor_median=0.1519  floor_copy=0.1665  pred_spread=0.1136  latent_cos=0.0282  alpha_on_best_input=0.3708  alpha_argmax_acc_near=0.4827  gate_near_copy=0.6409  gate_cut=0.3150  latent_R@10=0.0460  text_R@10=0.1957  text_CE=3.64  text_CE_shuffled=3.71
epoch  9/15 (281s)  train pixel 0.1259  latent 0.5840  text 3.9544  emb 0.6349  attn 0.4350  gate 0.2213
[val e9] img_L1=0.1305  img_L1_near_copy=0.0744  floor_median=0.1519  floor_copy=0.1665  pred_spread=0.1159  latent_cos=0.0227  alpha_on_best_input=0.3620  alpha_argmax_acc_near=0.4590  gate_near_copy=0.6360  gate_cut=0.3202  latent_R@10=0.0601  text_R@10=0.2025  text_CE=3.58  text_CE_shuffled=3.67
epoch 10/15 (313s)  train pixel 0.1251  latent 0.5788  text 3.9034  emb 0.6285  attn 0.3066  gate 0.2178
[val e10] img_L1=0.1307  img_L1_near_copy=0.0750  floor_median=0.1519  floor_copy=0.1665  pred_spread=0.1168  latent_cos=0.0297  alpha_on_best_input=0.3704  alpha_argmax_acc_near=0.4699  gate_near_copy=0.5887  gate_cut=0.2707  latent_R@10=0.0560  text_R@10=0.2234  text_CE=3.54  text_CE_shuffled=3.63
epoch 11/15 (345s)  train pixel 0.1243  latent 0.5713  text 3.8649  emb 0.6218  attn 0.2069  gate 0.2140
[val e11] img_L1=0.1317  img_L1_near_copy=0.0756  floor_median=0.1519  floor_copy=0.1665  pred_spread=0.1245  latent_cos=0.0159  alpha_on_best_input=0.3640  alpha_argmax_acc_near=0.4645  gate_near_copy=0.6060  gate_cut=0.2843  latent_R@10=0.0601  text_R@10=0.2281  text_CE=3.50  text_CE_shuffled=3.61
epoch 12/15 (377s)  train pixel 0.1234  latent 0.5649  text 3.8306  emb 0.6147  attn 0.1326  gate 0.2093
[val e12] img_L1=0.1308  img_L1_near_copy=0.0740  floor_median=0.1519  floor_copy=0.1665  pred_spread=0.1130  latent_cos=0.0176  alpha_on_best_input=0.3648  alpha_argmax_acc_near=0.4681  gate_near_copy=0.6300  gate_cut=0.3104  latent_R@10=0.0613  text_R@10=0.2426  text_CE=3.48  text_CE_shuffled=3.59
epoch 13/15 (409s)  train pixel 0.1225  latent 0.5594  text 3.8093  emb 0.6106  attn 0.0859  gate 0.2062
[val e13] img_L1=0.1312  img_L1_near_copy=0.0740  floor_median=0.1519  floor_copy=0.1665  pred_spread=0.1183  latent_cos=0.0121  alpha_on_best_input=0.3684  alpha_argmax_acc_near=0.4554  gate_near_copy=0.6271  gate_cut=0.2976  latent_R@10=0.0548  text_R@10=0.2482  text_CE=3.47  text_CE_shuffled=3.58
epoch 14/15 (441s)  train pixel 0.1219  latent 0.5568  text 3.7985  emb 0.6073  attn 0.0616  gate 0.2030
[val e14] img_L1=0.1311  img_L1_near_copy=0.0735  floor_median=0.1519  floor_copy=0.1665  pred_spread=0.1166  latent_cos=0.0171  alpha_on_best_input=0.3660  alpha_argmax_acc_near=0.4590  gate_near_copy=0.6376  gate_cut=0.3121  latent_R@10=0.0663  text_R@10=0.2499  text_CE=3.46  text_CE_shuffled=3.57
epoch 15/15 (473s)  train pixel 0.1216  latent 0.5543  text 3.7919  emb 0.6053  attn 0.0541  gate 0.2017
[val e15] img_L1=0.1311  img_L1_near_copy=0.0736  floor_median=0.1519  floor_copy=0.1665  pred_spread=0.1159  latent_cos=0.0123  alpha_on_best_input=0.3658  alpha_argmax_acc_near=0.4608  gate_near_copy=0.6361  gate_cut=0.3108  latent_R@10=0.0642  text_R@10=0.2508  text_CE=3.46  text_CE_shuffled=3.57
[TEST last epoch] img_L1=0.1318  img_L1_near_copy=0.0745  floor_median=0.1514  floor_copy=0.1697  pred_spread=0.1148  latent_cos=0.0256  alpha_on_best_input=0.3745  alpha_argmax_acc_near=0.4394  gate_near_copy=0.6302  gate_cut=0.3179  latent_R@10=0.0659  text_R@10=0.2505  text_CE=3.48  text_CE_shuffled=3.59
[TEST best val img_L1 (epoch 5)] img_L1=0.1299  img_L1_near_copy=0.0753  floor_median=0.1514  floor_copy=0.1697  pred_spread=0.0972  latent_cos=0.0457  alpha_on_best_input=0.3565  alpha_argmax_acc_near=0.5240  gate_near_copy=0.6727  gate_cut=0.3847  latent_R@10=0.0575  text_R@10=0.1553  text_CE=3.94  text_CE_shuffled=3.98
figure: /home/aljiro/dev/dnnls_architecture/v2/out/predictions_stageA_minilm_attn.png
TEST summary: {'img_L1': 0.1299, 'img_L1_near_copy': 0.0753, 'floor_median': 0.1514, 'floor_copy': 0.1697, 'pred_spread': 0.0972, 'latent_cos': 0.0457, 'alpha_on_best_input': 0.3565, 'alpha_argmax_acc_near': 0.524, 'gate_near_copy': 0.6727, 'gate_cut': 0.3847, 'latent_R@10': 0.0575, 'text_R@10': 0.1553, 'text_CE': 3.9377, 'text_CE_shuffled': 3.9809}
